Archive member included to satisfy reference by file (symbol)

d:/iti/13-tourkey/arm_stm32f401/tools/arm gcc/bin/../lib/gcc/arm-none-eabi/5.4.1/../../../../arm-none-eabi/lib/armv7e-m\libg_nano.a(lib_a-errno.o)
                              ./system/src/newlib/_sbrk.o (symbol from plugin) (__errno)
d:/iti/13-tourkey/arm_stm32f401/tools/arm gcc/bin/../lib/gcc/arm-none-eabi/5.4.1/../../../../arm-none-eabi/lib/armv7e-m\libg_nano.a(lib_a-impure.o)
                              d:/iti/13-tourkey/arm_stm32f401/tools/arm gcc/bin/../lib/gcc/arm-none-eabi/5.4.1/../../../../arm-none-eabi/lib/armv7e-m\libg_nano.a(lib_a-errno.o) (_impure_ptr)
d:/iti/13-tourkey/arm_stm32f401/tools/arm gcc/bin/../lib/gcc/arm-none-eabi/5.4.1/../../../../arm-none-eabi/lib/armv7e-m\libg_nano.a(lib_a-strlen.o)
                              ./system/src/diag/Trace.o (symbol from plugin) (strlen)
d:/iti/13-tourkey/arm_stm32f401/tools/arm gcc/bin/../lib/gcc/arm-none-eabi/5.4.1/../../../../arm-none-eabi/lib/armv7e-m\libg_nano.a(lib_a-vsnprintf.o)
                              ./system/src/diag/Trace.o (symbol from plugin) (vsnprintf)
d:/iti/13-tourkey/arm_stm32f401/tools/arm gcc/bin/../lib/gcc/arm-none-eabi/5.4.1/../../../../arm-none-eabi/lib/armv7e-m\libg_nano.a(lib_a-nano-svfprintf.o)
                              d:/iti/13-tourkey/arm_stm32f401/tools/arm gcc/bin/../lib/gcc/arm-none-eabi/5.4.1/../../../../arm-none-eabi/lib/armv7e-m\libg_nano.a(lib_a-vsnprintf.o) (_svfprintf_r)
d:/iti/13-tourkey/arm_stm32f401/tools/arm gcc/bin/../lib/gcc/arm-none-eabi/5.4.1/../../../../arm-none-eabi/lib/armv7e-m\libg_nano.a(lib_a-nano-vfprintf_i.o)
                              d:/iti/13-tourkey/arm_stm32f401/tools/arm gcc/bin/../lib/gcc/arm-none-eabi/5.4.1/../../../../arm-none-eabi/lib/armv7e-m\libg_nano.a(lib_a-nano-svfprintf.o) (_printf_i)
d:/iti/13-tourkey/arm_stm32f401/tools/arm gcc/bin/../lib/gcc/arm-none-eabi/5.4.1/../../../../arm-none-eabi/lib/armv7e-m\libg_nano.a(lib_a-memchr.o)
                              d:/iti/13-tourkey/arm_stm32f401/tools/arm gcc/bin/../lib/gcc/arm-none-eabi/5.4.1/../../../../arm-none-eabi/lib/armv7e-m\libg_nano.a(lib_a-nano-svfprintf.o) (memchr)
d:/iti/13-tourkey/arm_stm32f401/tools/arm gcc/bin/../lib/gcc/arm-none-eabi/5.4.1/../../../../arm-none-eabi/lib/armv7e-m\libg_nano.a(lib_a-memcpy-stub.o)
                              d:/iti/13-tourkey/arm_stm32f401/tools/arm gcc/bin/../lib/gcc/arm-none-eabi/5.4.1/../../../../arm-none-eabi/lib/armv7e-m\libg_nano.a(lib_a-nano-svfprintf.o) (memcpy)
d:/iti/13-tourkey/arm_stm32f401/tools/arm gcc/bin/../lib/gcc/arm-none-eabi/5.4.1/../../../../arm-none-eabi/lib/armv7e-m\libg_nano.a(lib_a-memmove.o)
                              d:/iti/13-tourkey/arm_stm32f401/tools/arm gcc/bin/../lib/gcc/arm-none-eabi/5.4.1/../../../../arm-none-eabi/lib/armv7e-m\libg_nano.a(lib_a-nano-svfprintf.o) (memmove)
d:/iti/13-tourkey/arm_stm32f401/tools/arm gcc/bin/../lib/gcc/arm-none-eabi/5.4.1/../../../../arm-none-eabi/lib/armv7e-m\libg_nano.a(lib_a-nano-freer.o)
                              d:/iti/13-tourkey/arm_stm32f401/tools/arm gcc/bin/../lib/gcc/arm-none-eabi/5.4.1/../../../../arm-none-eabi/lib/armv7e-m\libg_nano.a(lib_a-nano-svfprintf.o) (_free_r)
d:/iti/13-tourkey/arm_stm32f401/tools/arm gcc/bin/../lib/gcc/arm-none-eabi/5.4.1/../../../../arm-none-eabi/lib/armv7e-m\libg_nano.a(lib_a-nano-mallocr.o)
                              d:/iti/13-tourkey/arm_stm32f401/tools/arm gcc/bin/../lib/gcc/arm-none-eabi/5.4.1/../../../../arm-none-eabi/lib/armv7e-m\libg_nano.a(lib_a-nano-svfprintf.o) (_malloc_r)
d:/iti/13-tourkey/arm_stm32f401/tools/arm gcc/bin/../lib/gcc/arm-none-eabi/5.4.1/../../../../arm-none-eabi/lib/armv7e-m\libg_nano.a(lib_a-nano-reallocr.o)
                              d:/iti/13-tourkey/arm_stm32f401/tools/arm gcc/bin/../lib/gcc/arm-none-eabi/5.4.1/../../../../arm-none-eabi/lib/armv7e-m\libg_nano.a(lib_a-nano-svfprintf.o) (_realloc_r)
d:/iti/13-tourkey/arm_stm32f401/tools/arm gcc/bin/../lib/gcc/arm-none-eabi/5.4.1/../../../../arm-none-eabi/lib/armv7e-m\libg_nano.a(lib_a-sbrkr.o)
                              d:/iti/13-tourkey/arm_stm32f401/tools/arm gcc/bin/../lib/gcc/arm-none-eabi/5.4.1/../../../../arm-none-eabi/lib/armv7e-m\libg_nano.a(lib_a-nano-mallocr.o) (_sbrk_r)
d:/iti/13-tourkey/arm_stm32f401/tools/arm gcc/bin/../lib/gcc/arm-none-eabi/5.4.1/../../../../arm-none-eabi/lib/armv7e-m\libg_nano.a(lib_a-mlock.o)
                              d:/iti/13-tourkey/arm_stm32f401/tools/arm gcc/bin/../lib/gcc/arm-none-eabi/5.4.1/../../../../arm-none-eabi/lib/armv7e-m\libg_nano.a(lib_a-nano-freer.o) (__malloc_lock)
d:/iti/13-tourkey/arm_stm32f401/tools/arm gcc/bin/../lib/gcc/arm-none-eabi/5.4.1/../../../../arm-none-eabi/lib/armv7e-m\libg_nano.a(lib_a-nano-msizer.o)
                              d:/iti/13-tourkey/arm_stm32f401/tools/arm gcc/bin/../lib/gcc/arm-none-eabi/5.4.1/../../../../arm-none-eabi/lib/armv7e-m\libg_nano.a(lib_a-nano-reallocr.o) (_malloc_usable_size_r)

Allocating common symbols
Common symbol       size              file

errno               0x4               C:\Users\ABDELR~1\AppData\Local\Temp\ccbVVx2g.ltrans0.ltrans.o
St_App              0x10              ./src/BLD_Manager.o (symbol from plugin)

Discarded input sections

 .text          0x00000000        0x0 ./system/src/newlib/_cxx.o (symbol from plugin)
 .text          0x00000000        0x0 C:\Users\ABDELR~1\AppData\Local\Temp\ccbVVx2g.ltrans0.ltrans.o
 .data          0x00000000        0x0 C:\Users\ABDELR~1\AppData\Local\Temp\ccbVVx2g.ltrans0.ltrans.o
 .bss           0x00000000        0x0 C:\Users\ABDELR~1\AppData\Local\Temp\ccbVVx2g.ltrans0.ltrans.o
 .text._exit    0x00000000        0x4 C:\Users\ABDELR~1\AppData\Local\Temp\ccbVVx2g.ltrans0.ltrans.o
 .text          0x00000000        0x0 ./system/src/newlib/_exit.o (symbol from plugin)
 .text          0x00000000        0x0 ./system/src/newlib/_sbrk.o (symbol from plugin)
 .text          0x00000000        0x0 ./system/src/newlib/_startup.o (symbol from plugin)
 .text          0x00000000        0x0 ./system/src/newlib/_syscalls.o (symbol from plugin)
 .text          0x00000000        0x0 ./system/src/newlib/assert.o (symbol from plugin)
 .text          0x00000000        0x0 ./system/src/diag/Trace.o (symbol from plugin)
 .text          0x00000000        0x0 ./system/src/diag/trace_impl.o (symbol from plugin)
 .text          0x00000000        0x0 ./system/src/cortexm/_initialize_hardware.o (symbol from plugin)
 .text          0x00000000        0x0 ./system/src/cortexm/_reset_hardware.o (symbol from plugin)
 .text          0x00000000        0x0 ./system/src/cortexm/exception_handlers.o (symbol from plugin)
 .text          0x00000000        0x0 ./system/src/cmsis/system_stm32f4xx.o (symbol from plugin)
 .text          0x00000000        0x0 ./system/src/cmsis/vectors_stm32f401xc.o (symbol from plugin)
 .text          0x00000000        0x0 ./src/Adafruit.o (symbol from plugin)
 .text          0x00000000        0x0 ./src/App.o (symbol from plugin)
 .text          0x00000000        0x0 ./src/BLD_Manager.o (symbol from plugin)
 .text          0x00000000        0x0 ./src/DMA.o (symbol from plugin)
 .text          0x00000000        0x0 ./src/Flash.o (symbol from plugin)
 .text          0x00000000        0x0 ./src/GPIO.o (symbol from plugin)
 .text          0x00000000        0x0 ./src/H_Switch.o (symbol from plugin)
 .text          0x00000000        0x0 ./src/H_Switch_cfg.o (symbol from plugin)
 .text          0x00000000        0x0 ./src/I2c.o (symbol from plugin)
 .text          0x00000000        0x0 ./src/NVIC.o (symbol from plugin)
 .text          0x00000000        0x0 ./src/RCC.o (symbol from plugin)
 .text          0x00000000        0x0 ./src/SCB.o (symbol from plugin)
 .text          0x00000000        0x0 ./src/Sched.o (symbol from plugin)
 .text          0x00000000        0x0 ./src/Sched_cfg.o (symbol from plugin)
 .text          0x00000000        0x0 ./src/Systick.o (symbol from plugin)
 .text          0x00000000        0x0 ./src/Usart.o (symbol from plugin)
 .text          0x00000000        0x0 ./src/main.o (symbol from plugin)
 .text          0x00000000        0x0 d:/iti/13-tourkey/arm_stm32f401/tools/arm gcc/bin/../lib/gcc/arm-none-eabi/5.4.1/../../../../arm-none-eabi/lib/armv7e-m\libg_nano.a(lib_a-errno.o)
 .data          0x00000000        0x0 d:/iti/13-tourkey/arm_stm32f401/tools/arm gcc/bin/../lib/gcc/arm-none-eabi/5.4.1/../../../../arm-none-eabi/lib/armv7e-m\libg_nano.a(lib_a-errno.o)
 .bss           0x00000000        0x0 d:/iti/13-tourkey/arm_stm32f401/tools/arm gcc/bin/../lib/gcc/arm-none-eabi/5.4.1/../../../../arm-none-eabi/lib/armv7e-m\libg_nano.a(lib_a-errno.o)
 .text          0x00000000        0x0 d:/iti/13-tourkey/arm_stm32f401/tools/arm gcc/bin/../lib/gcc/arm-none-eabi/5.4.1/../../../../arm-none-eabi/lib/armv7e-m\libg_nano.a(lib_a-impure.o)
 .data          0x00000000        0x0 d:/iti/13-tourkey/arm_stm32f401/tools/arm gcc/bin/../lib/gcc/arm-none-eabi/5.4.1/../../../../arm-none-eabi/lib/armv7e-m\libg_nano.a(lib_a-impure.o)
 .bss           0x00000000        0x0 d:/iti/13-tourkey/arm_stm32f401/tools/arm gcc/bin/../lib/gcc/arm-none-eabi/5.4.1/../../../../arm-none-eabi/lib/armv7e-m\libg_nano.a(lib_a-impure.o)
 .rodata._global_impure_ptr
                0x00000000        0x4 d:/iti/13-tourkey/arm_stm32f401/tools/arm gcc/bin/../lib/gcc/arm-none-eabi/5.4.1/../../../../arm-none-eabi/lib/armv7e-m\libg_nano.a(lib_a-impure.o)
 .text          0x00000000       0x10 d:/iti/13-tourkey/arm_stm32f401/tools/arm gcc/bin/../lib/gcc/arm-none-eabi/5.4.1/../../../../arm-none-eabi/lib/armv7e-m\libg_nano.a(lib_a-strlen.o)
 .data          0x00000000        0x0 d:/iti/13-tourkey/arm_stm32f401/tools/arm gcc/bin/../lib/gcc/arm-none-eabi/5.4.1/../../../../arm-none-eabi/lib/armv7e-m\libg_nano.a(lib_a-strlen.o)
 .bss           0x00000000        0x0 d:/iti/13-tourkey/arm_stm32f401/tools/arm gcc/bin/../lib/gcc/arm-none-eabi/5.4.1/../../../../arm-none-eabi/lib/armv7e-m\libg_nano.a(lib_a-strlen.o)
 .ARM.attributes
                0x00000000       0x17 d:/iti/13-tourkey/arm_stm32f401/tools/arm gcc/bin/../lib/gcc/arm-none-eabi/5.4.1/../../../../arm-none-eabi/lib/armv7e-m\libg_nano.a(lib_a-strlen.o)
 .text          0x00000000        0x0 d:/iti/13-tourkey/arm_stm32f401/tools/arm gcc/bin/../lib/gcc/arm-none-eabi/5.4.1/../../../../arm-none-eabi/lib/armv7e-m\libg_nano.a(lib_a-vsnprintf.o)
 .data          0x00000000        0x0 d:/iti/13-tourkey/arm_stm32f401/tools/arm gcc/bin/../lib/gcc/arm-none-eabi/5.4.1/../../../../arm-none-eabi/lib/armv7e-m\libg_nano.a(lib_a-vsnprintf.o)
 .bss           0x00000000        0x0 d:/iti/13-tourkey/arm_stm32f401/tools/arm gcc/bin/../lib/gcc/arm-none-eabi/5.4.1/../../../../arm-none-eabi/lib/armv7e-m\libg_nano.a(lib_a-vsnprintf.o)
 .text          0x00000000        0x0 d:/iti/13-tourkey/arm_stm32f401/tools/arm gcc/bin/../lib/gcc/arm-none-eabi/5.4.1/../../../../arm-none-eabi/lib/armv7e-m\libg_nano.a(lib_a-nano-svfprintf.o)
 .data          0x00000000        0x0 d:/iti/13-tourkey/arm_stm32f401/tools/arm gcc/bin/../lib/gcc/arm-none-eabi/5.4.1/../../../../arm-none-eabi/lib/armv7e-m\libg_nano.a(lib_a-nano-svfprintf.o)
 .bss           0x00000000        0x0 d:/iti/13-tourkey/arm_stm32f401/tools/arm gcc/bin/../lib/gcc/arm-none-eabi/5.4.1/../../../../arm-none-eabi/lib/armv7e-m\libg_nano.a(lib_a-nano-svfprintf.o)
 .text.__ssprint_r
                0x00000000       0xfe d:/iti/13-tourkey/arm_stm32f401/tools/arm gcc/bin/../lib/gcc/arm-none-eabi/5.4.1/../../../../arm-none-eabi/lib/armv7e-m\libg_nano.a(lib_a-nano-svfprintf.o)
 .text          0x00000000        0x0 d:/iti/13-tourkey/arm_stm32f401/tools/arm gcc/bin/../lib/gcc/arm-none-eabi/5.4.1/../../../../arm-none-eabi/lib/armv7e-m\libg_nano.a(lib_a-nano-vfprintf_i.o)
 .data          0x00000000        0x0 d:/iti/13-tourkey/arm_stm32f401/tools/arm gcc/bin/../lib/gcc/arm-none-eabi/5.4.1/../../../../arm-none-eabi/lib/armv7e-m\libg_nano.a(lib_a-nano-vfprintf_i.o)
 .bss           0x00000000        0x0 d:/iti/13-tourkey/arm_stm32f401/tools/arm gcc/bin/../lib/gcc/arm-none-eabi/5.4.1/../../../../arm-none-eabi/lib/armv7e-m\libg_nano.a(lib_a-nano-vfprintf_i.o)
 .data          0x00000000        0x0 d:/iti/13-tourkey/arm_stm32f401/tools/arm gcc/bin/../lib/gcc/arm-none-eabi/5.4.1/../../../../arm-none-eabi/lib/armv7e-m\libg_nano.a(lib_a-memchr.o)
 .bss           0x00000000        0x0 d:/iti/13-tourkey/arm_stm32f401/tools/arm gcc/bin/../lib/gcc/arm-none-eabi/5.4.1/../../../../arm-none-eabi/lib/armv7e-m\libg_nano.a(lib_a-memchr.o)
 .text          0x00000000        0x0 d:/iti/13-tourkey/arm_stm32f401/tools/arm gcc/bin/../lib/gcc/arm-none-eabi/5.4.1/../../../../arm-none-eabi/lib/armv7e-m\libg_nano.a(lib_a-memcpy-stub.o)
 .data          0x00000000        0x0 d:/iti/13-tourkey/arm_stm32f401/tools/arm gcc/bin/../lib/gcc/arm-none-eabi/5.4.1/../../../../arm-none-eabi/lib/armv7e-m\libg_nano.a(lib_a-memcpy-stub.o)
 .bss           0x00000000        0x0 d:/iti/13-tourkey/arm_stm32f401/tools/arm gcc/bin/../lib/gcc/arm-none-eabi/5.4.1/../../../../arm-none-eabi/lib/armv7e-m\libg_nano.a(lib_a-memcpy-stub.o)
 .text          0x00000000        0x0 d:/iti/13-tourkey/arm_stm32f401/tools/arm gcc/bin/../lib/gcc/arm-none-eabi/5.4.1/../../../../arm-none-eabi/lib/armv7e-m\libg_nano.a(lib_a-memmove.o)
 .data          0x00000000        0x0 d:/iti/13-tourkey/arm_stm32f401/tools/arm gcc/bin/../lib/gcc/arm-none-eabi/5.4.1/../../../../arm-none-eabi/lib/armv7e-m\libg_nano.a(lib_a-memmove.o)
 .bss           0x00000000        0x0 d:/iti/13-tourkey/arm_stm32f401/tools/arm gcc/bin/../lib/gcc/arm-none-eabi/5.4.1/../../../../arm-none-eabi/lib/armv7e-m\libg_nano.a(lib_a-memmove.o)
 .text          0x00000000        0x0 d:/iti/13-tourkey/arm_stm32f401/tools/arm gcc/bin/../lib/gcc/arm-none-eabi/5.4.1/../../../../arm-none-eabi/lib/armv7e-m\libg_nano.a(lib_a-nano-freer.o)
 .data          0x00000000        0x0 d:/iti/13-tourkey/arm_stm32f401/tools/arm gcc/bin/../lib/gcc/arm-none-eabi/5.4.1/../../../../arm-none-eabi/lib/armv7e-m\libg_nano.a(lib_a-nano-freer.o)
 .bss           0x00000000        0x0 d:/iti/13-tourkey/arm_stm32f401/tools/arm gcc/bin/../lib/gcc/arm-none-eabi/5.4.1/../../../../arm-none-eabi/lib/armv7e-m\libg_nano.a(lib_a-nano-freer.o)
 .text          0x00000000        0x0 d:/iti/13-tourkey/arm_stm32f401/tools/arm gcc/bin/../lib/gcc/arm-none-eabi/5.4.1/../../../../arm-none-eabi/lib/armv7e-m\libg_nano.a(lib_a-nano-mallocr.o)
 .data          0x00000000        0x0 d:/iti/13-tourkey/arm_stm32f401/tools/arm gcc/bin/../lib/gcc/arm-none-eabi/5.4.1/../../../../arm-none-eabi/lib/armv7e-m\libg_nano.a(lib_a-nano-mallocr.o)
 .bss           0x00000000        0x0 d:/iti/13-tourkey/arm_stm32f401/tools/arm gcc/bin/../lib/gcc/arm-none-eabi/5.4.1/../../../../arm-none-eabi/lib/armv7e-m\libg_nano.a(lib_a-nano-mallocr.o)
 .text          0x00000000        0x0 d:/iti/13-tourkey/arm_stm32f401/tools/arm gcc/bin/../lib/gcc/arm-none-eabi/5.4.1/../../../../arm-none-eabi/lib/armv7e-m\libg_nano.a(lib_a-nano-reallocr.o)
 .data          0x00000000        0x0 d:/iti/13-tourkey/arm_stm32f401/tools/arm gcc/bin/../lib/gcc/arm-none-eabi/5.4.1/../../../../arm-none-eabi/lib/armv7e-m\libg_nano.a(lib_a-nano-reallocr.o)
 .bss           0x00000000        0x0 d:/iti/13-tourkey/arm_stm32f401/tools/arm gcc/bin/../lib/gcc/arm-none-eabi/5.4.1/../../../../arm-none-eabi/lib/armv7e-m\libg_nano.a(lib_a-nano-reallocr.o)
 .text          0x00000000        0x0 d:/iti/13-tourkey/arm_stm32f401/tools/arm gcc/bin/../lib/gcc/arm-none-eabi/5.4.1/../../../../arm-none-eabi/lib/armv7e-m\libg_nano.a(lib_a-sbrkr.o)
 .data          0x00000000        0x0 d:/iti/13-tourkey/arm_stm32f401/tools/arm gcc/bin/../lib/gcc/arm-none-eabi/5.4.1/../../../../arm-none-eabi/lib/armv7e-m\libg_nano.a(lib_a-sbrkr.o)
 .bss           0x00000000        0x0 d:/iti/13-tourkey/arm_stm32f401/tools/arm gcc/bin/../lib/gcc/arm-none-eabi/5.4.1/../../../../arm-none-eabi/lib/armv7e-m\libg_nano.a(lib_a-sbrkr.o)
 .text          0x00000000        0x0 d:/iti/13-tourkey/arm_stm32f401/tools/arm gcc/bin/../lib/gcc/arm-none-eabi/5.4.1/../../../../arm-none-eabi/lib/armv7e-m\libg_nano.a(lib_a-mlock.o)
 .data          0x00000000        0x0 d:/iti/13-tourkey/arm_stm32f401/tools/arm gcc/bin/../lib/gcc/arm-none-eabi/5.4.1/../../../../arm-none-eabi/lib/armv7e-m\libg_nano.a(lib_a-mlock.o)
 .bss           0x00000000        0x0 d:/iti/13-tourkey/arm_stm32f401/tools/arm gcc/bin/../lib/gcc/arm-none-eabi/5.4.1/../../../../arm-none-eabi/lib/armv7e-m\libg_nano.a(lib_a-mlock.o)
 .text          0x00000000        0x0 d:/iti/13-tourkey/arm_stm32f401/tools/arm gcc/bin/../lib/gcc/arm-none-eabi/5.4.1/../../../../arm-none-eabi/lib/armv7e-m\libg_nano.a(lib_a-nano-msizer.o)
 .data          0x00000000        0x0 d:/iti/13-tourkey/arm_stm32f401/tools/arm gcc/bin/../lib/gcc/arm-none-eabi/5.4.1/../../../../arm-none-eabi/lib/armv7e-m\libg_nano.a(lib_a-nano-msizer.o)
 .bss           0x00000000        0x0 d:/iti/13-tourkey/arm_stm32f401/tools/arm gcc/bin/../lib/gcc/arm-none-eabi/5.4.1/../../../../arm-none-eabi/lib/armv7e-m\libg_nano.a(lib_a-nano-msizer.o)

Memory Configuration

Name             Origin             Length             Attributes
RAM              0x20000000         0x00010000         xrw
CCMRAM           0x10000000         0x00000000         xrw
FLASH            0x08008000         0x00038000         xr
FLASHB1          0x00000000         0x00000000         xr
EXTMEMB0         0x00000000         0x00000000         xr
EXTMEMB1         0x00000000         0x00000000         xr
EXTMEMB2         0x00000000         0x00000000         xr
EXTMEMB3         0x00000000         0x00000000         xr
*default*        0x00000000         0xffffffff

Linker script and memory map

LOAD ./system/src/newlib/_cxx.o
LOAD C:\Users\ABDELR~1\AppData\Local\Temp\ccbVVx2g.ltrans0.ltrans.o
LOAD ./system/src/newlib/_exit.o
LOAD ./system/src/newlib/_sbrk.o
LOAD ./system/src/newlib/_startup.o
LOAD ./system/src/newlib/_syscalls.o
LOAD ./system/src/newlib/assert.o
LOAD ./system/src/diag/Trace.o
LOAD ./system/src/diag/trace_impl.o
LOAD ./system/src/cortexm/_initialize_hardware.o
LOAD ./system/src/cortexm/_reset_hardware.o
LOAD ./system/src/cortexm/exception_handlers.o
LOAD ./system/src/cmsis/system_stm32f4xx.o
LOAD ./system/src/cmsis/vectors_stm32f401xc.o
LOAD ./src/Adafruit.o
LOAD ./src/App.o
LOAD ./src/BLD_Manager.o
LOAD ./src/DMA.o
LOAD ./src/Flash.o
LOAD ./src/GPIO.o
LOAD ./src/H_Switch.o
LOAD ./src/H_Switch_cfg.o
LOAD ./src/I2c.o
LOAD ./src/NVIC.o
LOAD ./src/RCC.o
LOAD ./src/SCB.o
LOAD ./src/Sched.o
LOAD ./src/Sched_cfg.o
LOAD ./src/Systick.o
LOAD ./src/Usart.o
LOAD ./src/main.o
LOAD d:/iti/13-tourkey/arm_stm32f401/tools/arm gcc/bin/../lib/gcc/arm-none-eabi/5.4.1/../../../../arm-none-eabi/lib/armv7e-m\libstdc++_nano.a
LOAD d:/iti/13-tourkey/arm_stm32f401/tools/arm gcc/bin/../lib/gcc/arm-none-eabi/5.4.1/../../../../arm-none-eabi/lib/armv7e-m\libm.a
START GROUP
LOAD d:/iti/13-tourkey/arm_stm32f401/tools/arm gcc/bin/../lib/gcc/arm-none-eabi/5.4.1/armv7e-m\libgcc.a
LOAD d:/iti/13-tourkey/arm_stm32f401/tools/arm gcc/bin/../lib/gcc/arm-none-eabi/5.4.1/../../../../arm-none-eabi/lib/armv7e-m\libg_nano.a
LOAD d:/iti/13-tourkey/arm_stm32f401/tools/arm gcc/bin/../lib/gcc/arm-none-eabi/5.4.1/../../../../arm-none-eabi/lib/armv7e-m\libc_nano.a
END GROUP
START GROUP
LOAD d:/iti/13-tourkey/arm_stm32f401/tools/arm gcc/bin/../lib/gcc/arm-none-eabi/5.4.1/armv7e-m\libgcc.a
LOAD d:/iti/13-tourkey/arm_stm32f401/tools/arm gcc/bin/../lib/gcc/arm-none-eabi/5.4.1/../../../../arm-none-eabi/lib/armv7e-m\libc_nano.a
END GROUP
                0x20010000                __stack = (ORIGIN (RAM) + LENGTH (RAM))
                0x20010000                _estack = __stack
                0x00000400                __Main_Stack_Size = 0x400
                [!provide]                PROVIDE (_Main_Stack_Size, __Main_Stack_Size)
                0x2000fc00                __Main_Stack_Limit = (__stack - __Main_Stack_Size)
                [!provide]                PROVIDE (_Main_Stack_Limit, __Main_Stack_Limit)
                0x00000100                _Minimum_Stack_Size = 0x100
                0x20000180                PROVIDE (_Heap_Begin, _end_noinit)
                0x2000fc00                PROVIDE (_Heap_Limit, (__stack - __Main_Stack_Size))

.isr_vector     0x08008000      0x3cc
 FILL mask 0xff
                0x08008000                __vectors_start = ABSOLUTE (.)
                0x08008000                __vectors_start__ = ABSOLUTE (.)
 *(.isr_vector)
 .isr_vector    0x08008000      0x194 C:\Users\ABDELR~1\AppData\Local\Temp\ccbVVx2g.ltrans0.ltrans.o
                0x08008000                __isr_vectors
 *(.cfmconfig)
 *(.after_vectors .after_vectors.*)
 .after_vectors
                0x08008194      0x238 C:\Users\ABDELR~1\AppData\Local\Temp\ccbVVx2g.ltrans0.ltrans.o
                0x080081e8                UsageFault_Handler_C
                0x0800821c                BusFault_Handler_C
                0x08008250                HardFault_Handler_C
                0x080082b0                _start

.inits          0x080083cc       0x28
                0x080083cc                __data_regions_array_start = .
                0x080083cc        0x4 LONG 0x800a078 LOADADDR (.data)
                0x080083d0        0x4 LONG 0x20000000 ADDR (.data)
                0x080083d4        0x4 LONG 0x20000078 (ADDR (.data) + SIZEOF (.data))
                0x080083d8        0x4 LONG 0x800a078 LOADADDR (.data_CCMRAM)
                0x080083dc        0x4 LONG 0x10000000 ADDR (.data_CCMRAM)
                0x080083e0        0x4 LONG 0x10000000 (ADDR (.data_CCMRAM) + SIZEOF (.data_CCMRAM))
                0x080083e4                __data_regions_array_end = .
                0x080083e4                __bss_regions_array_start = .
                0x080083e4        0x4 LONG 0x20000078 ADDR (.bss)
                0x080083e8        0x4 LONG 0x20000180 (ADDR (.bss) + SIZEOF (.bss))
                0x080083ec        0x4 LONG 0x10000000 ADDR (.bss_CCMRAM)
                0x080083f0        0x4 LONG 0x10000000 (ADDR (.bss_CCMRAM) + SIZEOF (.bss_CCMRAM))
                0x080083f4                __bss_regions_array_end = .
 *(.init)
 *(.fini)
                0x080083f4                . = ALIGN (0x4)
                0x080083f4                PROVIDE (__preinit_array_start, .)
 *(.preinit_array_sysinit .preinit_array_sysinit.*)
 *(.preinit_array_platform .preinit_array_platform.*)
 *(.preinit_array .preinit_array.*)
                0x080083f4                PROVIDE (__preinit_array_end, .)
                0x080083f4                . = ALIGN (0x4)
                0x080083f4                PROVIDE (__init_array_start, .)
 *(SORT(.init_array.*))
 *(.init_array)
                0x080083f4                PROVIDE (__init_array_end, .)
                0x080083f4                . = ALIGN (0x4)
                0x080083f4                PROVIDE (__fini_array_start, .)
 *(SORT(.fini_array.*))
 *(.fini_array)
                0x080083f4                PROVIDE (__fini_array_end, .)

.flashtext
 *(.flashtext .flashtext.*)

.text           0x08008400     0x1c77
 *(.text .text.*)
 .text.Uart_RegisterCpfRxComplet
                0x08008400       0x3c C:\Users\ABDELR~1\AppData\Local\Temp\ccbVVx2g.ltrans0.ltrans.o
 .text.Uart_RXBuffer
                0x0800843c       0x4c C:\Users\ABDELR~1\AppData\Local\Temp\ccbVVx2g.ltrans0.ltrans.o
 .text.Uart_Init
                0x08008488       0xd8 C:\Users\ABDELR~1\AppData\Local\Temp\ccbVVx2g.ltrans0.ltrans.o
 .text.Usart_ClearTcSecunce
                0x08008560       0x18 C:\Users\ABDELR~1\AppData\Local\Temp\ccbVVx2g.ltrans0.ltrans.o
 .text.USART1_IRQHandler
                0x08008578       0x88 C:\Users\ABDELR~1\AppData\Local\Temp\ccbVVx2g.ltrans0.ltrans.o
 .text.SysTick_Handler
                0x08008600       0x10 C:\Users\ABDELR~1\AppData\Local\Temp\ccbVVx2g.ltrans0.ltrans.o
 .text.Systick_RegisterCbf
                0x08008610        0xc C:\Users\ABDELR~1\AppData\Local\Temp\ccbVVx2g.ltrans0.ltrans.o
 .text.Systick_Start
                0x0800861c       0x10 C:\Users\ABDELR~1\AppData\Local\Temp\ccbVVx2g.ltrans0.ltrans.o
 .text.Systick_SetTimeMs
                0x0800862c       0x20 C:\Users\ABDELR~1\AppData\Local\Temp\ccbVVx2g.ltrans0.ltrans.o
 .text.Systick_Init
                0x0800864c       0x18 C:\Users\ABDELR~1\AppData\Local\Temp\ccbVVx2g.ltrans0.ltrans.o
 .text.Sched_Systickfunc
                0x08008664        0xc C:\Users\ABDELR~1\AppData\Local\Temp\ccbVVx2g.ltrans0.ltrans.o
 .text.Sched_Init
                0x08008670       0x18 C:\Users\ABDELR~1\AppData\Local\Temp\ccbVVx2g.ltrans0.ltrans.o
 .text.SCB_RestSys
                0x08008688       0x10 C:\Users\ABDELR~1\AppData\Local\Temp\ccbVVx2g.ltrans0.ltrans.o
 .text.RCC_EnablePriphralCLK
                0x08008698       0x54 C:\Users\ABDELR~1\AppData\Local\Temp\ccbVVx2g.ltrans0.ltrans.o
 .text.NVIC_vidEnableIRQ
                0x080086ec       0x24 C:\Users\ABDELR~1\AppData\Local\Temp\ccbVVx2g.ltrans0.ltrans.o
 .text.I2c_TransmitBlocking
                0x08008710       0xbc C:\Users\ABDELR~1\AppData\Local\Temp\ccbVVx2g.ltrans0.ltrans.o
 .text.I2c_Init
                0x080087cc       0x64 C:\Users\ABDELR~1\AppData\Local\Temp\ccbVVx2g.ltrans0.ltrans.o
 .text.Switch_GetStatus
                0x08008830       0x18 C:\Users\ABDELR~1\AppData\Local\Temp\ccbVVx2g.ltrans0.ltrans.o
 .text.Gpio_enuSetAF
                0x08008848       0x44 C:\Users\ABDELR~1\AppData\Local\Temp\ccbVVx2g.ltrans0.ltrans.o
 .text.Gpio_enuGetPinValue
                0x0800888c       0x24 C:\Users\ABDELR~1\AppData\Local\Temp\ccbVVx2g.ltrans0.ltrans.o
 .text.Switch_UpdateStatus
                0x080088b0       0x9c C:\Users\ABDELR~1\AppData\Local\Temp\ccbVVx2g.ltrans0.ltrans.o
 .text.Gpio_enuSetPintValue
                0x0800894c       0x38 C:\Users\ABDELR~1\AppData\Local\Temp\ccbVVx2g.ltrans0.ltrans.o
 .text.Gpio_enuinitPinCfg
                0x08008984       0x88 C:\Users\ABDELR~1\AppData\Local\Temp\ccbVVx2g.ltrans0.ltrans.o
 .text.Switch_Init
                0x08008a0c       0x48 C:\Users\ABDELR~1\AppData\Local\Temp\ccbVVx2g.ltrans0.ltrans.o
 .text.Flash_SetProgramSize
                0x08008a54       0x18 C:\Users\ABDELR~1\AppData\Local\Temp\ccbVVx2g.ltrans0.ltrans.o
 .text.Flash_Program
                0x08008a6c       0xa4 C:\Users\ABDELR~1\AppData\Local\Temp\ccbVVx2g.ltrans0.ltrans.o
 .text.Flash_SectorErase
                0x08008b10       0x58 C:\Users\ABDELR~1\AppData\Local\Temp\ccbVVx2g.ltrans0.ltrans.o
 .text.Flash_Init
                0x08008b68       0x18 C:\Users\ABDELR~1\AppData\Local\Temp\ccbVVx2g.ltrans0.ltrans.o
 .text.DMA2_Stream7_IRQHandler
                0x08008b80        0x4 C:\Users\ABDELR~1\AppData\Local\Temp\ccbVVx2g.ltrans0.ltrans.o
 .text.DMA2_Stream6_IRQHandler
                0x08008b84        0x4 C:\Users\ABDELR~1\AppData\Local\Temp\ccbVVx2g.ltrans0.ltrans.o
 .text.DMA2_Stream5_IRQHandler
                0x08008b88        0x4 C:\Users\ABDELR~1\AppData\Local\Temp\ccbVVx2g.ltrans0.ltrans.o
 .text.DMA2_Stream4_IRQHandler
                0x08008b8c        0x4 C:\Users\ABDELR~1\AppData\Local\Temp\ccbVVx2g.ltrans0.ltrans.o
 .text.DMA2_Stream3_IRQHandler
                0x08008b90        0x4 C:\Users\ABDELR~1\AppData\Local\Temp\ccbVVx2g.ltrans0.ltrans.o
 .text.DMA2_Stream2_IRQHandler
                0x08008b94        0x4 C:\Users\ABDELR~1\AppData\Local\Temp\ccbVVx2g.ltrans0.ltrans.o
 .text.DMA2_Stream1_IRQHandler
                0x08008b98        0x4 C:\Users\ABDELR~1\AppData\Local\Temp\ccbVVx2g.ltrans0.ltrans.o
 .text.DMA2_Stream0_IRQHandler
                0x08008b9c        0x4 C:\Users\ABDELR~1\AppData\Local\Temp\ccbVVx2g.ltrans0.ltrans.o
 .text.DMA1_Stream7_IRQHandler
                0x08008ba0        0x4 C:\Users\ABDELR~1\AppData\Local\Temp\ccbVVx2g.ltrans0.ltrans.o
 .text.DMA1_Stream6_IRQHandler
                0x08008ba4        0x4 C:\Users\ABDELR~1\AppData\Local\Temp\ccbVVx2g.ltrans0.ltrans.o
 .text.DMA1_Stream5_IRQHandler
                0x08008ba8        0x4 C:\Users\ABDELR~1\AppData\Local\Temp\ccbVVx2g.ltrans0.ltrans.o
 .text.DMA1_Stream4_IRQHandler
                0x08008bac        0x4 C:\Users\ABDELR~1\AppData\Local\Temp\ccbVVx2g.ltrans0.ltrans.o
 .text.DMA1_Stream3_IRQHandler
                0x08008bb0        0x4 C:\Users\ABDELR~1\AppData\Local\Temp\ccbVVx2g.ltrans0.ltrans.o
 .text.DMA1_Stream2_IRQHandler
                0x08008bb4        0x4 C:\Users\ABDELR~1\AppData\Local\Temp\ccbVVx2g.ltrans0.ltrans.o
 .text.DMA1_Stream1_IRQHandler
                0x08008bb8        0x4 C:\Users\ABDELR~1\AppData\Local\Temp\ccbVVx2g.ltrans0.ltrans.o
 .text.DMA1_Stream0_IRQHandler
                0x08008bbc        0x4 C:\Users\ABDELR~1\AppData\Local\Temp\ccbVVx2g.ltrans0.ltrans.o
 .text.BLDManger_UartInit
                0x08008bc0       0x9c C:\Users\ABDELR~1\AppData\Local\Temp\ccbVVx2g.ltrans0.ltrans.o
 .text.Get_Mk5UartState
                0x08008c5c       0x10 C:\Users\ABDELR~1\AppData\Local\Temp\ccbVVx2g.ltrans0.ltrans.o
 .text.MK5_Delay
                0x08008c6c       0x10 C:\Users\ABDELR~1\AppData\Local\Temp\ccbVVx2g.ltrans0.ltrans.o
 .text.Adafruit_Write8
                0x08008c7c       0x28 C:\Users\ABDELR~1\AppData\Local\Temp\ccbVVx2g.ltrans0.ltrans.o
 .text.Adafruit_SetPWM
                0x08008ca4       0x44 C:\Users\ABDELR~1\AppData\Local\Temp\ccbVVx2g.ltrans0.ltrans.o
 .text.MK5_Sec  0x08008ce8      0x100 C:\Users\ABDELR~1\AppData\Local\Temp\ccbVVx2g.ltrans0.ltrans.o
 .text.MK5      0x08008de8       0x48 C:\Users\ABDELR~1\AppData\Local\Temp\ccbVVx2g.ltrans0.ltrans.o
 .text.MK5_Init
                0x08008e30       0x30 C:\Users\ABDELR~1\AppData\Local\Temp\ccbVVx2g.ltrans0.ltrans.o
 .text.SystemCoreClockUpdate
                0x08008e60       0xa0 C:\Users\ABDELR~1\AppData\Local\Temp\ccbVVx2g.ltrans0.ltrans.o
 .text.SystemInit
                0x08008f00       0x40 C:\Users\ABDELR~1\AppData\Local\Temp\ccbVVx2g.ltrans0.ltrans.o
 .text.isSemihosting
                0x08008f40       0x20 C:\Users\ABDELR~1\AppData\Local\Temp\ccbVVx2g.ltrans0.ltrans.o
 .text.__initialize_hardware
                0x08008f60        0x8 C:\Users\ABDELR~1\AppData\Local\Temp\ccbVVx2g.ltrans0.ltrans.o
 .text.__initialize_hardware_early
                0x08008f68       0x18 C:\Users\ABDELR~1\AppData\Local\Temp\ccbVVx2g.ltrans0.ltrans.o
 .text._trace_write_semihosting_debug
                0x08008f80       0x64 C:\Users\ABDELR~1\AppData\Local\Temp\ccbVVx2g.ltrans0.ltrans.o
 .text.trace_write
                0x08008fe4        0x8 C:\Users\ABDELR~1\AppData\Local\Temp\ccbVVx2g.ltrans0.ltrans.o
 .text.__initialize_args
                0x08008fec       0x10 C:\Users\ABDELR~1\AppData\Local\Temp\ccbVVx2g.ltrans0.ltrans.o
 .text.trace_printf
                0x08008ffc       0x30 C:\Users\ABDELR~1\AppData\Local\Temp\ccbVVx2g.ltrans0.ltrans.o
 .text.sched    0x0800902c       0x54 C:\Users\ABDELR~1\AppData\Local\Temp\ccbVVx2g.ltrans0.ltrans.o
 .text.Sched_Start
                0x08009080       0x20 C:\Users\ABDELR~1\AppData\Local\Temp\ccbVVx2g.ltrans0.ltrans.o
 .text.I2c_RecieveBlockingByte
                0x080090a0      0x1f4 C:\Users\ABDELR~1\AppData\Local\Temp\ccbVVx2g.ltrans0.ltrans.o
 .text.Adafruit_Read8
                0x08009294       0x28 C:\Users\ABDELR~1\AppData\Local\Temp\ccbVVx2g.ltrans0.ltrans.o
 .text.Adafruit_SetPWMFreq
                0x080092bc       0x54 C:\Users\ABDELR~1\AppData\Local\Temp\ccbVVx2g.ltrans0.ltrans.o
 .text.RXBuffCblt
                0x08009310       0x64 C:\Users\ABDELR~1\AppData\Local\Temp\ccbVVx2g.ltrans0.ltrans.o
 .text.Adafruit_Init
                0x08009374       0x9c C:\Users\ABDELR~1\AppData\Local\Temp\ccbVVx2g.ltrans0.ltrans.o
 .text.main     0x08009410       0x44 C:\Users\ABDELR~1\AppData\Local\Temp\ccbVVx2g.ltrans0.ltrans.o
 .text.dumpExceptionStack
                0x08009454       0xf0 C:\Users\ABDELR~1\AppData\Local\Temp\ccbVVx2g.ltrans0.ltrans.o
 .text._sbrk    0x08009544       0x44 C:\Users\ABDELR~1\AppData\Local\Temp\ccbVVx2g.ltrans0.ltrans.o
                0x08009544                _sbrk
 .text.__errno  0x08009588        0xc d:/iti/13-tourkey/arm_stm32f401/tools/arm gcc/bin/../lib/gcc/arm-none-eabi/5.4.1/../../../../arm-none-eabi/lib/armv7e-m\libg_nano.a(lib_a-errno.o)
                0x08009588                __errno
 .text._vsnprintf_r
                0x08009594       0x56 d:/iti/13-tourkey/arm_stm32f401/tools/arm gcc/bin/../lib/gcc/arm-none-eabi/5.4.1/../../../../arm-none-eabi/lib/armv7e-m\libg_nano.a(lib_a-vsnprintf.o)
                0x08009594                _vsniprintf_r
                0x08009594                _vsnprintf_r
 *fill*         0x080095ea        0x2 
 .text.vsnprintf
                0x080095ec       0x1c d:/iti/13-tourkey/arm_stm32f401/tools/arm gcc/bin/../lib/gcc/arm-none-eabi/5.4.1/../../../../arm-none-eabi/lib/armv7e-m\libg_nano.a(lib_a-vsnprintf.o)
                0x080095ec                vsniprintf
                0x080095ec                vsnprintf
 .text.__ssputs_r
                0x08009608       0xb2 d:/iti/13-tourkey/arm_stm32f401/tools/arm gcc/bin/../lib/gcc/arm-none-eabi/5.4.1/../../../../arm-none-eabi/lib/armv7e-m\libg_nano.a(lib_a-nano-svfprintf.o)
                0x08009608                __ssputs_r
 *fill*         0x080096ba        0x2 
 .text._svfprintf_r
                0x080096bc      0x1e8 d:/iti/13-tourkey/arm_stm32f401/tools/arm gcc/bin/../lib/gcc/arm-none-eabi/5.4.1/../../../../arm-none-eabi/lib/armv7e-m\libg_nano.a(lib_a-nano-svfprintf.o)
                0x080096bc                _svfiprintf_r
                0x080096bc                _svfprintf_r
 .text._printf_common
                0x080098a4       0xec d:/iti/13-tourkey/arm_stm32f401/tools/arm gcc/bin/../lib/gcc/arm-none-eabi/5.4.1/../../../../arm-none-eabi/lib/armv7e-m\libg_nano.a(lib_a-nano-vfprintf_i.o)
                0x080098a4                _printf_common
 .text._printf_i
                0x08009990      0x24c d:/iti/13-tourkey/arm_stm32f401/tools/arm gcc/bin/../lib/gcc/arm-none-eabi/5.4.1/../../../../arm-none-eabi/lib/armv7e-m\libg_nano.a(lib_a-nano-vfprintf_i.o)
                0x08009990                _printf_i
 *fill*         0x08009bdc        0x4 
 .text          0x08009be0       0xa0 d:/iti/13-tourkey/arm_stm32f401/tools/arm gcc/bin/../lib/gcc/arm-none-eabi/5.4.1/../../../../arm-none-eabi/lib/armv7e-m\libg_nano.a(lib_a-memchr.o)
                0x08009be0                memchr
 .text.memcpy   0x08009c80       0x16 d:/iti/13-tourkey/arm_stm32f401/tools/arm gcc/bin/../lib/gcc/arm-none-eabi/5.4.1/../../../../arm-none-eabi/lib/armv7e-m\libg_nano.a(lib_a-memcpy-stub.o)
                0x08009c80                memcpy
 .text.memmove  0x08009c96       0x36 d:/iti/13-tourkey/arm_stm32f401/tools/arm gcc/bin/../lib/gcc/arm-none-eabi/5.4.1/../../../../arm-none-eabi/lib/armv7e-m\libg_nano.a(lib_a-memmove.o)
                0x08009c96                memmove
 .text._free_r  0x08009ccc       0x9c d:/iti/13-tourkey/arm_stm32f401/tools/arm gcc/bin/../lib/gcc/arm-none-eabi/5.4.1/../../../../arm-none-eabi/lib/armv7e-m\libg_nano.a(lib_a-nano-freer.o)
                0x08009ccc                _free_r
 .text._malloc_r
                0x08009d68       0xbc d:/iti/13-tourkey/arm_stm32f401/tools/arm gcc/bin/../lib/gcc/arm-none-eabi/5.4.1/../../../../arm-none-eabi/lib/armv7e-m\libg_nano.a(lib_a-nano-mallocr.o)
                0x08009d68                _malloc_r
 .text._realloc_r
                0x08009e24       0x4c d:/iti/13-tourkey/arm_stm32f401/tools/arm gcc/bin/../lib/gcc/arm-none-eabi/5.4.1/../../../../arm-none-eabi/lib/armv7e-m\libg_nano.a(lib_a-nano-reallocr.o)
                0x08009e24                _realloc_r
 .text._sbrk_r  0x08009e70       0x20 d:/iti/13-tourkey/arm_stm32f401/tools/arm gcc/bin/../lib/gcc/arm-none-eabi/5.4.1/../../../../arm-none-eabi/lib/armv7e-m\libg_nano.a(lib_a-sbrkr.o)
                0x08009e70                _sbrk_r
 .text.__malloc_lock
                0x08009e90        0x2 d:/iti/13-tourkey/arm_stm32f401/tools/arm gcc/bin/../lib/gcc/arm-none-eabi/5.4.1/../../../../arm-none-eabi/lib/armv7e-m\libg_nano.a(lib_a-mlock.o)
                0x08009e90                __malloc_lock
 .text.__malloc_unlock
                0x08009e92        0x2 d:/iti/13-tourkey/arm_stm32f401/tools/arm gcc/bin/../lib/gcc/arm-none-eabi/5.4.1/../../../../arm-none-eabi/lib/armv7e-m\libg_nano.a(lib_a-mlock.o)
                0x08009e92                __malloc_unlock
 .text._malloc_usable_size_r
                0x08009e94       0x14 d:/iti/13-tourkey/arm_stm32f401/tools/arm gcc/bin/../lib/gcc/arm-none-eabi/5.4.1/../../../../arm-none-eabi/lib/armv7e-m\libg_nano.a(lib_a-nano-msizer.o)
                0x08009e94                _malloc_usable_size_r
 *(.rodata .rodata.* .constdata .constdata.*)
 .rodata.AHBPrescTable
                0x08009ea8       0x10 C:\Users\ABDELR~1\AppData\Local\Temp\ccbVVx2g.ltrans0.ltrans.o
 .rodata.str1.4
                0x08009eb8      0x174 C:\Users\ABDELR~1\AppData\Local\Temp\ccbVVx2g.ltrans0.ltrans.o
                                0x171 (size before relaxing)
 .rodata.Switchs
                0x0800a02c        0x8 C:\Users\ABDELR~1\AppData\Local\Temp\ccbVVx2g.ltrans0.ltrans.o
 .rodata.runnables
                0x0800a034       0x10 C:\Users\ABDELR~1\AppData\Local\Temp\ccbVVx2g.ltrans0.ltrans.o
 .rodata.str1.1
                0x0800a044       0x11 d:/iti/13-tourkey/arm_stm32f401/tools/arm gcc/bin/../lib/gcc/arm-none-eabi/5.4.1/../../../../arm-none-eabi/lib/armv7e-m\libg_nano.a(lib_a-nano-svfprintf.o)
 .rodata.str1.1
                0x0800a055       0x22 d:/iti/13-tourkey/arm_stm32f401/tools/arm gcc/bin/../lib/gcc/arm-none-eabi/5.4.1/../../../../arm-none-eabi/lib/armv7e-m\libg_nano.a(lib_a-nano-vfprintf_i.o)
 *(vtable)
 *(.eh_frame*)
 *(.glue_7)
 .glue_7        0x0800a077        0x0 linker stubs
 *(.glue_7t)
 .glue_7t       0x0800a077        0x0 linker stubs

.vfp11_veneer   0x0800a078        0x0
 .vfp11_veneer  0x0800a078        0x0 linker stubs

.v4_bx          0x0800a078        0x0
 .v4_bx         0x0800a078        0x0 linker stubs

.iplt           0x0800a078        0x0
 .iplt          0x0800a078        0x0 d:/iti/13-tourkey/arm_stm32f401/tools/arm gcc/bin/../lib/gcc/arm-none-eabi/5.4.1/../../../../arm-none-eabi/lib/armv7e-m\libg_nano.a(lib_a-errno.o)

.rel.dyn        0x0800a078        0x0
 .rel.iplt      0x0800a078        0x0 d:/iti/13-tourkey/arm_stm32f401/tools/arm gcc/bin/../lib/gcc/arm-none-eabi/5.4.1/../../../../arm-none-eabi/lib/armv7e-m\libg_nano.a(lib_a-errno.o)

.ARM.extab
 *(.ARM.extab* .gnu.linkonce.armextab.*)
                0x0800a078                . = ALIGN (0x4)
                0x0800a078                __exidx_start = .

.ARM.exidx
 *(.ARM.exidx* .gnu.linkonce.armexidx.*)
                0x0800a078                __exidx_end = .
                0x0800a078                . = ALIGN (0x4)
                0x0800a078                _etext = .
                0x0800a078                __etext = .

.data_CCMRAM    0x10000000        0x0 load address 0x0800a078
 FILL mask 0xff
 *(.data.CCMRAM .data.CCMRAM.*)
                0x10000000                . = ALIGN (0x4)
                0x0800a078                _sidata = LOADADDR (.data)

.data           0x20000000       0x78 load address 0x0800a078
 FILL mask 0xff
                0x20000000                _sdata = .
                0x20000000                __data_start__ = .
 *(.data_begin .data_begin.*)
 .data_begin    0x20000000        0x4 C:\Users\ABDELR~1\AppData\Local\Temp\ccbVVx2g.ltrans0.ltrans.o
 *(.data .data.*)
 .data.argv.4290
                0x20000004        0x8 C:\Users\ABDELR~1\AppData\Local\Temp\ccbVVx2g.ltrans0.ltrans.o
 .data.SystemCoreClock
                0x2000000c        0x4 C:\Users\ABDELR~1\AppData\Local\Temp\ccbVVx2g.ltrans0.ltrans.o
 .data.impure_data
                0x20000010       0x60 d:/iti/13-tourkey/arm_stm32f401/tools/arm gcc/bin/../lib/gcc/arm-none-eabi/5.4.1/../../../../arm-none-eabi/lib/armv7e-m\libg_nano.a(lib_a-impure.o)
 .data._impure_ptr
                0x20000070        0x4 d:/iti/13-tourkey/arm_stm32f401/tools/arm gcc/bin/../lib/gcc/arm-none-eabi/5.4.1/../../../../arm-none-eabi/lib/armv7e-m\libg_nano.a(lib_a-impure.o)
                0x20000070                _impure_ptr
 *(.data_end .data_end.*)
 .data_end      0x20000074        0x4 C:\Users\ABDELR~1\AppData\Local\Temp\ccbVVx2g.ltrans0.ltrans.o
                0x20000078                . = ALIGN (0x4)
                0x20000078                _edata = .
                0x20000078                __data_end__ = .

.igot.plt       0x20000078        0x0 load address 0x0800a0f0
 .igot.plt      0x20000078        0x0 d:/iti/13-tourkey/arm_stm32f401/tools/arm gcc/bin/../lib/gcc/arm-none-eabi/5.4.1/../../../../arm-none-eabi/lib/armv7e-m\libg_nano.a(lib_a-errno.o)

.bss_CCMRAM     0x10000000        0x0
 *(.bss.CCMRAM .bss.CCMRAM.*)

.bss            0x20000078      0x108
                0x20000078                __bss_start__ = .
                0x20000078                _sbss = .
 *(.bss_begin .bss_begin.*)
 .bss_begin     0x20000078        0x4 C:\Users\ABDELR~1\AppData\Local\Temp\ccbVVx2g.ltrans0.ltrans.o
 *(.bss .bss.*)
 .bss.Mk5_UartState
                0x2000007c        0x1 C:\Users\ABDELR~1\AppData\Local\Temp\ccbVVx2g.ltrans0.ltrans.o
 *fill*         0x2000007d        0x3 
 .bss.buf.5179  0x20000080       0x80 C:\Users\ABDELR~1\AppData\Local\Temp\ccbVVx2g.ltrans0.ltrans.o
 .bss.Loc_uart  0x20000100       0x34 C:\Users\ABDELR~1\AppData\Local\Temp\ccbVVx2g.ltrans0.ltrans.o
 .bss.name.4289
                0x20000134        0x1 C:\Users\ABDELR~1\AppData\Local\Temp\ccbVVx2g.ltrans0.ltrans.o
 *fill*         0x20000135        0x3 
 .bss.counter.5467
                0x20000138        0x1 C:\Users\ABDELR~1\AppData\Local\Temp\ccbVVx2g.ltrans0.ltrans.o
 *fill*         0x20000139        0x3 
 .bss.Glop_I2c  0x2000013c        0xc C:\Users\ABDELR~1\AppData\Local\Temp\ccbVVx2g.ltrans0.ltrans.o
 .bss.Switch_State
                0x20000148        0x1 C:\Users\ABDELR~1\AppData\Local\Temp\ccbVVx2g.ltrans0.ltrans.o
 *fill*         0x20000149        0x3 
 .bss.time.5445
                0x2000014c        0x4 C:\Users\ABDELR~1\AppData\Local\Temp\ccbVVx2g.ltrans0.ltrans.o
 .bss.State.5176
                0x20000150        0x1 C:\Users\ABDELR~1\AppData\Local\Temp\ccbVVx2g.ltrans0.ltrans.o
 *fill*         0x20000151        0x3 
 .bss.Glop_Uart1
                0x20000154        0x4 C:\Users\ABDELR~1\AppData\Local\Temp\ccbVVx2g.ltrans0.ltrans.o
 .bss.prev.5466
                0x20000158        0x1 C:\Users\ABDELR~1\AppData\Local\Temp\ccbVVx2g.ltrans0.ltrans.o
 *fill*         0x20000159        0x3 
 .bss.current_heap_end.3974
                0x2000015c        0x4 C:\Users\ABDELR~1\AppData\Local\Temp\ccbVVx2g.ltrans0.ltrans.o
 .bss.Glop_RxCompleteCpf1
                0x20000160        0x4 C:\Users\ABDELR~1\AppData\Local\Temp\ccbVVx2g.ltrans0.ltrans.o
 .bss.Cbf       0x20000164        0x4 C:\Users\ABDELR~1\AppData\Local\Temp\ccbVVx2g.ltrans0.ltrans.o
 .bss.AppArr_buff
                0x20000168        0x5 C:\Users\ABDELR~1\AppData\Local\Temp\ccbVVx2g.ltrans0.ltrans.o
 .bss.Glop_SchedStart
                0x2000016d        0x1 C:\Users\ABDELR~1\AppData\Local\Temp\ccbVVx2g.ltrans0.ltrans.o
 *fill*         0x2000016e        0x2 
 .bss.__malloc_sbrk_start
                0x20000170        0x4 d:/iti/13-tourkey/arm_stm32f401/tools/arm gcc/bin/../lib/gcc/arm-none-eabi/5.4.1/../../../../arm-none-eabi/lib/armv7e-m\libg_nano.a(lib_a-nano-mallocr.o)
                0x20000170                __malloc_sbrk_start
 .bss.__malloc_free_list
                0x20000174        0x4 d:/iti/13-tourkey/arm_stm32f401/tools/arm gcc/bin/../lib/gcc/arm-none-eabi/5.4.1/../../../../arm-none-eabi/lib/armv7e-m\libg_nano.a(lib_a-nano-mallocr.o)
                0x20000174                __malloc_free_list
 *(COMMON)
 COMMON         0x20000178        0x4 C:\Users\ABDELR~1\AppData\Local\Temp\ccbVVx2g.ltrans0.ltrans.o
                0x20000178                errno
 *(.bss_end .bss_end.*)
 .bss_end       0x2000017c        0x4 C:\Users\ABDELR~1\AppData\Local\Temp\ccbVVx2g.ltrans0.ltrans.o
                0x20000180                . = ALIGN (0x4)
                0x20000180                __bss_end__ = .
                0x20000180                _ebss = .

.noinit_CCMRAM
 *(.noinit.CCMRAM .noinit.CCMRAM.*)

.noinit         0x20000180        0x0
                0x20000180                _noinit = .
 *(.noinit .noinit.*)
                0x20000180                . = ALIGN (0x4)
                0x20000180                _end_noinit = .
                [!provide]                PROVIDE (end, _end_noinit)
                [!provide]                PROVIDE (_end, _end_noinit)
                [!provide]                PROVIDE (__end, _end_noinit)
                [!provide]                PROVIDE (__end__, _end_noinit)

._check_stack   0x20000180      0x100
                0x20000280                . = (. + _Minimum_Stack_Size)
 *fill*         0x20000180      0x100 

.b1text
 *(.b1text)
 *(.b1rodata)
 *(.b1rodata.*)

.eb0text
 *(.eb0text)
 *(.eb0rodata)
 *(.eb0rodata.*)

.eb1text
 *(.eb1text)
 *(.eb1rodata)
 *(.eb1rodata.*)

.eb2text
 *(.eb2text)
 *(.eb2rodata)
 *(.eb2rodata.*)

.eb3text
 *(.eb3text)
 *(.eb3rodata)
 *(.eb3rodata.*)

.stab
 *(.stab)

.stabstr
 *(.stabstr)

.stab.excl
 *(.stab.excl)

.stab.exclstr
 *(.stab.exclstr)

.stab.index
 *(.stab.index)

.stab.indexstr
 *(.stab.indexstr)

.comment        0x00000000       0x6e
 *(.comment)
 .comment       0x00000000       0x6e C:\Users\ABDELR~1\AppData\Local\Temp\ccbVVx2g.ltrans0.ltrans.o
                                 0x6f (size before relaxing)

.ARM.attributes
                0x00000000       0x31
 .ARM.attributes
                0x00000000       0x31 C:\Users\ABDELR~1\AppData\Local\Temp\ccbVVx2g.ltrans0.ltrans.o
 .ARM.attributes
                0x00000031       0x2e d:/iti/13-tourkey/arm_stm32f401/tools/arm gcc/bin/../lib/gcc/arm-none-eabi/5.4.1/../../../../arm-none-eabi/lib/armv7e-m\libg_nano.a(lib_a-errno.o)
 .ARM.attributes
                0x0000005f       0x2e d:/iti/13-tourkey/arm_stm32f401/tools/arm gcc/bin/../lib/gcc/arm-none-eabi/5.4.1/../../../../arm-none-eabi/lib/armv7e-m\libg_nano.a(lib_a-impure.o)
 .ARM.attributes
                0x0000008d       0x2e d:/iti/13-tourkey/arm_stm32f401/tools/arm gcc/bin/../lib/gcc/arm-none-eabi/5.4.1/../../../../arm-none-eabi/lib/armv7e-m\libg_nano.a(lib_a-vsnprintf.o)
 .ARM.attributes
                0x000000bb       0x2e d:/iti/13-tourkey/arm_stm32f401/tools/arm gcc/bin/../lib/gcc/arm-none-eabi/5.4.1/../../../../arm-none-eabi/lib/armv7e-m\libg_nano.a(lib_a-nano-svfprintf.o)
 .ARM.attributes
                0x000000e9       0x2e d:/iti/13-tourkey/arm_stm32f401/tools/arm gcc/bin/../lib/gcc/arm-none-eabi/5.4.1/../../../../arm-none-eabi/lib/armv7e-m\libg_nano.a(lib_a-nano-vfprintf_i.o)
 .ARM.attributes
                0x00000117       0x1c d:/iti/13-tourkey/arm_stm32f401/tools/arm gcc/bin/../lib/gcc/arm-none-eabi/5.4.1/../../../../arm-none-eabi/lib/armv7e-m\libg_nano.a(lib_a-memchr.o)
 .ARM.attributes
                0x00000133       0x2e d:/iti/13-tourkey/arm_stm32f401/tools/arm gcc/bin/../lib/gcc/arm-none-eabi/5.4.1/../../../../arm-none-eabi/lib/armv7e-m\libg_nano.a(lib_a-memcpy-stub.o)
 .ARM.attributes
                0x00000161       0x2e d:/iti/13-tourkey/arm_stm32f401/tools/arm gcc/bin/../lib/gcc/arm-none-eabi/5.4.1/../../../../arm-none-eabi/lib/armv7e-m\libg_nano.a(lib_a-memmove.o)
 .ARM.attributes
                0x0000018f       0x2e d:/iti/13-tourkey/arm_stm32f401/tools/arm gcc/bin/../lib/gcc/arm-none-eabi/5.4.1/../../../../arm-none-eabi/lib/armv7e-m\libg_nano.a(lib_a-nano-freer.o)
 .ARM.attributes
                0x000001bd       0x2e d:/iti/13-tourkey/arm_stm32f401/tools/arm gcc/bin/../lib/gcc/arm-none-eabi/5.4.1/../../../../arm-none-eabi/lib/armv7e-m\libg_nano.a(lib_a-nano-mallocr.o)
 .ARM.attributes
                0x000001eb       0x2e d:/iti/13-tourkey/arm_stm32f401/tools/arm gcc/bin/../lib/gcc/arm-none-eabi/5.4.1/../../../../arm-none-eabi/lib/armv7e-m\libg_nano.a(lib_a-nano-reallocr.o)
 .ARM.attributes
                0x00000219       0x2e d:/iti/13-tourkey/arm_stm32f401/tools/arm gcc/bin/../lib/gcc/arm-none-eabi/5.4.1/../../../../arm-none-eabi/lib/armv7e-m\libg_nano.a(lib_a-sbrkr.o)
 .ARM.attributes
                0x00000247       0x2e d:/iti/13-tourkey/arm_stm32f401/tools/arm gcc/bin/../lib/gcc/arm-none-eabi/5.4.1/../../../../arm-none-eabi/lib/armv7e-m\libg_nano.a(lib_a-mlock.o)
 .ARM.attributes
                0x00000275       0x2e d:/iti/13-tourkey/arm_stm32f401/tools/arm gcc/bin/../lib/gcc/arm-none-eabi/5.4.1/../../../../arm-none-eabi/lib/armv7e-m\libg_nano.a(lib_a-nano-msizer.o)

.debug
 *(.debug)

.line
 *(.line)

.debug_srcinfo
 *(.debug_srcinfo)

.debug_sfnames
 *(.debug_sfnames)

.debug_aranges  0x00000000      0x2c8
 *(.debug_aranges)
 .debug_aranges
                0x00000000      0x2c8 C:\Users\ABDELR~1\AppData\Local\Temp\ccbVVx2g.ltrans0.ltrans.o

.debug_pubnames
 *(.debug_pubnames)

.debug_info     0x00000000     0x27fb
 *(.debug_info .gnu.linkonce.wi.*)
 .debug_info    0x00000000     0x27fb C:\Users\ABDELR~1\AppData\Local\Temp\ccbVVx2g.ltrans0.ltrans.o

.debug_abbrev   0x00000000      0x436
 *(.debug_abbrev)
 .debug_abbrev  0x00000000      0x436 C:\Users\ABDELR~1\AppData\Local\Temp\ccbVVx2g.ltrans0.ltrans.o

.debug_line     0x00000000      0xcc7
 *(.debug_line)
 .debug_line    0x00000000      0xcc7 C:\Users\ABDELR~1\AppData\Local\Temp\ccbVVx2g.ltrans0.ltrans.o

.debug_frame    0x00000000      0xa2c
 *(.debug_frame)
 .debug_frame   0x00000000      0x768 C:\Users\ABDELR~1\AppData\Local\Temp\ccbVVx2g.ltrans0.ltrans.o
 .debug_frame   0x00000768       0x20 d:/iti/13-tourkey/arm_stm32f401/tools/arm gcc/bin/../lib/gcc/arm-none-eabi/5.4.1/../../../../arm-none-eabi/lib/armv7e-m\libg_nano.a(lib_a-errno.o)
 .debug_frame   0x00000788       0x48 d:/iti/13-tourkey/arm_stm32f401/tools/arm gcc/bin/../lib/gcc/arm-none-eabi/5.4.1/../../../../arm-none-eabi/lib/armv7e-m\libg_nano.a(lib_a-vsnprintf.o)
 .debug_frame   0x000007d0       0x90 d:/iti/13-tourkey/arm_stm32f401/tools/arm gcc/bin/../lib/gcc/arm-none-eabi/5.4.1/../../../../arm-none-eabi/lib/armv7e-m\libg_nano.a(lib_a-nano-svfprintf.o)
 .debug_frame   0x00000860       0x60 d:/iti/13-tourkey/arm_stm32f401/tools/arm gcc/bin/../lib/gcc/arm-none-eabi/5.4.1/../../../../arm-none-eabi/lib/armv7e-m\libg_nano.a(lib_a-nano-vfprintf_i.o)
 .debug_frame   0x000008c0       0x28 d:/iti/13-tourkey/arm_stm32f401/tools/arm gcc/bin/../lib/gcc/arm-none-eabi/5.4.1/../../../../arm-none-eabi/lib/armv7e-m\libg_nano.a(lib_a-memcpy-stub.o)
 .debug_frame   0x000008e8       0x28 d:/iti/13-tourkey/arm_stm32f401/tools/arm gcc/bin/../lib/gcc/arm-none-eabi/5.4.1/../../../../arm-none-eabi/lib/armv7e-m\libg_nano.a(lib_a-memmove.o)
 .debug_frame   0x00000910       0x38 d:/iti/13-tourkey/arm_stm32f401/tools/arm gcc/bin/../lib/gcc/arm-none-eabi/5.4.1/../../../../arm-none-eabi/lib/armv7e-m\libg_nano.a(lib_a-nano-freer.o)
 .debug_frame   0x00000948       0x2c d:/iti/13-tourkey/arm_stm32f401/tools/arm gcc/bin/../lib/gcc/arm-none-eabi/5.4.1/../../../../arm-none-eabi/lib/armv7e-m\libg_nano.a(lib_a-nano-mallocr.o)
 .debug_frame   0x00000974       0x3c d:/iti/13-tourkey/arm_stm32f401/tools/arm gcc/bin/../lib/gcc/arm-none-eabi/5.4.1/../../../../arm-none-eabi/lib/armv7e-m\libg_nano.a(lib_a-nano-reallocr.o)
 .debug_frame   0x000009b0       0x2c d:/iti/13-tourkey/arm_stm32f401/tools/arm gcc/bin/../lib/gcc/arm-none-eabi/5.4.1/../../../../arm-none-eabi/lib/armv7e-m\libg_nano.a(lib_a-sbrkr.o)
 .debug_frame   0x000009dc       0x30 d:/iti/13-tourkey/arm_stm32f401/tools/arm gcc/bin/../lib/gcc/arm-none-eabi/5.4.1/../../../../arm-none-eabi/lib/armv7e-m\libg_nano.a(lib_a-mlock.o)
 .debug_frame   0x00000a0c       0x20 d:/iti/13-tourkey/arm_stm32f401/tools/arm gcc/bin/../lib/gcc/arm-none-eabi/5.4.1/../../../../arm-none-eabi/lib/armv7e-m\libg_nano.a(lib_a-nano-msizer.o)

.debug_str      0x00000000     0x1733
 *(.debug_str)
 .debug_str     0x00000000     0x1733 C:\Users\ABDELR~1\AppData\Local\Temp\ccbVVx2g.ltrans0.ltrans.o
                               0x1950 (size before relaxing)

.debug_loc      0x00000000     0x1e7b
 *(.debug_loc)
 .debug_loc     0x00000000     0x1e7b C:\Users\ABDELR~1\AppData\Local\Temp\ccbVVx2g.ltrans0.ltrans.o

.debug_macinfo
 *(.debug_macinfo)

.debug_weaknames
 *(.debug_weaknames)

.debug_funcnames
 *(.debug_funcnames)

.debug_typenames
 *(.debug_typenames)

.debug_varnames
 *(.debug_varnames)
OUTPUT(I2c.elf elf32-littlearm)

.debug_ranges   0x00000000      0x3c8
 .debug_ranges  0x00000000      0x3c8 C:\Users\ABDELR~1\AppData\Local\Temp\ccbVVx2g.ltrans0.ltrans.o
