Archive member included to satisfy reference by file (symbol)

d:/iti/13-tourkey/arm_stm32f401/tools/arm gcc/bin/../lib/gcc/arm-none-eabi/5.4.1/../../../../arm-none-eabi/lib/armv7e-m\libg_nano.a(lib_a-errno.o)
                              ./system/src/newlib/_sbrk.o (__errno)
d:/iti/13-tourkey/arm_stm32f401/tools/arm gcc/bin/../lib/gcc/arm-none-eabi/5.4.1/../../../../arm-none-eabi/lib/armv7e-m\libg_nano.a(lib_a-impure.o)
                              d:/iti/13-tourkey/arm_stm32f401/tools/arm gcc/bin/../lib/gcc/arm-none-eabi/5.4.1/../../../../arm-none-eabi/lib/armv7e-m\libg_nano.a(lib_a-errno.o) (_impure_ptr)
d:/iti/13-tourkey/arm_stm32f401/tools/arm gcc/bin/../lib/gcc/arm-none-eabi/5.4.1/../../../../arm-none-eabi/lib/armv7e-m\libg_nano.a(lib_a-strlen.o)
                              ./system/src/diag/Trace.o (strlen)
d:/iti/13-tourkey/arm_stm32f401/tools/arm gcc/bin/../lib/gcc/arm-none-eabi/5.4.1/../../../../arm-none-eabi/lib/armv7e-m\libg_nano.a(lib_a-vsnprintf.o)
                              ./system/src/diag/Trace.o (vsnprintf)
d:/iti/13-tourkey/arm_stm32f401/tools/arm gcc/bin/../lib/gcc/arm-none-eabi/5.4.1/../../../../arm-none-eabi/lib/armv7e-m\libg_nano.a(lib_a-nano-svfprintf.o)
                              d:/iti/13-tourkey/arm_stm32f401/tools/arm gcc/bin/../lib/gcc/arm-none-eabi/5.4.1/../../../../arm-none-eabi/lib/armv7e-m\libg_nano.a(lib_a-vsnprintf.o) (_svfprintf_r)
d:/iti/13-tourkey/arm_stm32f401/tools/arm gcc/bin/../lib/gcc/arm-none-eabi/5.4.1/../../../../arm-none-eabi/lib/armv7e-m\libg_nano.a(lib_a-nano-vfprintf_i.o)
                              d:/iti/13-tourkey/arm_stm32f401/tools/arm gcc/bin/../lib/gcc/arm-none-eabi/5.4.1/../../../../arm-none-eabi/lib/armv7e-m\libg_nano.a(lib_a-nano-svfprintf.o) (_printf_i)
d:/iti/13-tourkey/arm_stm32f401/tools/arm gcc/bin/../lib/gcc/arm-none-eabi/5.4.1/../../../../arm-none-eabi/lib/armv7e-m\libg_nano.a(lib_a-memchr.o)
                              d:/iti/13-tourkey/arm_stm32f401/tools/arm gcc/bin/../lib/gcc/arm-none-eabi/5.4.1/../../../../arm-none-eabi/lib/armv7e-m\libg_nano.a(lib_a-nano-svfprintf.o) (memchr)
d:/iti/13-tourkey/arm_stm32f401/tools/arm gcc/bin/../lib/gcc/arm-none-eabi/5.4.1/../../../../arm-none-eabi/lib/armv7e-m\libg_nano.a(lib_a-memcpy-stub.o)
                              d:/iti/13-tourkey/arm_stm32f401/tools/arm gcc/bin/../lib/gcc/arm-none-eabi/5.4.1/../../../../arm-none-eabi/lib/armv7e-m\libg_nano.a(lib_a-nano-svfprintf.o) (memcpy)
d:/iti/13-tourkey/arm_stm32f401/tools/arm gcc/bin/../lib/gcc/arm-none-eabi/5.4.1/../../../../arm-none-eabi/lib/armv7e-m\libg_nano.a(lib_a-memmove.o)
                              d:/iti/13-tourkey/arm_stm32f401/tools/arm gcc/bin/../lib/gcc/arm-none-eabi/5.4.1/../../../../arm-none-eabi/lib/armv7e-m\libg_nano.a(lib_a-nano-svfprintf.o) (memmove)
d:/iti/13-tourkey/arm_stm32f401/tools/arm gcc/bin/../lib/gcc/arm-none-eabi/5.4.1/../../../../arm-none-eabi/lib/armv7e-m\libg_nano.a(lib_a-nano-freer.o)
                              d:/iti/13-tourkey/arm_stm32f401/tools/arm gcc/bin/../lib/gcc/arm-none-eabi/5.4.1/../../../../arm-none-eabi/lib/armv7e-m\libg_nano.a(lib_a-nano-svfprintf.o) (_free_r)
d:/iti/13-tourkey/arm_stm32f401/tools/arm gcc/bin/../lib/gcc/arm-none-eabi/5.4.1/../../../../arm-none-eabi/lib/armv7e-m\libg_nano.a(lib_a-nano-mallocr.o)
                              d:/iti/13-tourkey/arm_stm32f401/tools/arm gcc/bin/../lib/gcc/arm-none-eabi/5.4.1/../../../../arm-none-eabi/lib/armv7e-m\libg_nano.a(lib_a-nano-svfprintf.o) (_malloc_r)
d:/iti/13-tourkey/arm_stm32f401/tools/arm gcc/bin/../lib/gcc/arm-none-eabi/5.4.1/../../../../arm-none-eabi/lib/armv7e-m\libg_nano.a(lib_a-nano-reallocr.o)
                              d:/iti/13-tourkey/arm_stm32f401/tools/arm gcc/bin/../lib/gcc/arm-none-eabi/5.4.1/../../../../arm-none-eabi/lib/armv7e-m\libg_nano.a(lib_a-nano-svfprintf.o) (_realloc_r)
d:/iti/13-tourkey/arm_stm32f401/tools/arm gcc/bin/../lib/gcc/arm-none-eabi/5.4.1/../../../../arm-none-eabi/lib/armv7e-m\libg_nano.a(lib_a-sbrkr.o)
                              d:/iti/13-tourkey/arm_stm32f401/tools/arm gcc/bin/../lib/gcc/arm-none-eabi/5.4.1/../../../../arm-none-eabi/lib/armv7e-m\libg_nano.a(lib_a-nano-mallocr.o) (_sbrk_r)
d:/iti/13-tourkey/arm_stm32f401/tools/arm gcc/bin/../lib/gcc/arm-none-eabi/5.4.1/../../../../arm-none-eabi/lib/armv7e-m\libg_nano.a(lib_a-mlock.o)
                              d:/iti/13-tourkey/arm_stm32f401/tools/arm gcc/bin/../lib/gcc/arm-none-eabi/5.4.1/../../../../arm-none-eabi/lib/armv7e-m\libg_nano.a(lib_a-nano-freer.o) (__malloc_lock)
d:/iti/13-tourkey/arm_stm32f401/tools/arm gcc/bin/../lib/gcc/arm-none-eabi/5.4.1/../../../../arm-none-eabi/lib/armv7e-m\libg_nano.a(lib_a-nano-msizer.o)
                              d:/iti/13-tourkey/arm_stm32f401/tools/arm gcc/bin/../lib/gcc/arm-none-eabi/5.4.1/../../../../arm-none-eabi/lib/armv7e-m\libg_nano.a(lib_a-nano-reallocr.o) (_malloc_usable_size_r)

Allocating common symbols
Common symbol       size              file

[...]
Memory Configuration

Name             Origin             Length             Attributes
RAM              0x20000000         0x00010000         xrw
CCMRAM           0x10000000         0x00000000         xrw
FLASH            0x08000000         0x00004000         xr
FLASHB1          0x00000000         0x00000000         xr
EXTMEMB0         0x00000000         0x00000000         xr
EXTMEMB1         0x00000000         0x00000000         xr
EXTMEMB2         0x00000000         0x00000000         xr
EXTMEMB3         0x00000000         0x00000000         xr
*default*        0x00000000         0xffffffff

Linker script and memory map

LOAD ./system/src/newlib/_cxx.o
LOAD ./system/src/newlib/_exit.o
LOAD ./system/src/newlib/_sbrk.o
LOAD ./system/src/newlib/_startup.o
LOAD ./system/src/newlib/_syscalls.o
LOAD ./system/src/newlib/assert.o
LOAD ./system/src/diag/Trace.o
LOAD ./system/src/diag/trace_impl.o
LOAD ./system/src/cortexm/_initialize_hardware.o
LOAD ./system/src/cortexm/_reset_hardware.o
LOAD ./system/src/cortexm/exception_handlers.o
LOAD ./system/src/cmsis/system_stm32f4xx.o
LOAD ./system/src/cmsis/vectors_stm32f401xc.o
LOAD ./src/BLD_Manager.o
LOAD ./src/DMA.o
LOAD ./src/Flash.o
LOAD ./src/GPIO.o
LOAD ./src/NVIC.o
LOAD ./src/RCC.o
LOAD ./src/SCB.o
LOAD ./src/Usart.o
LOAD ./src/main.o
LOAD d:/iti/13-tourkey/arm_stm32f401/tools/arm gcc/bin/../lib/gcc/arm-none-eabi/5.4.1/../../../../arm-none-eabi/lib/armv7e-m\libstdc++_nano.a
LOAD d:/iti/13-tourkey/arm_stm32f401/tools/arm gcc/bin/../lib/gcc/arm-none-eabi/5.4.1/../../../../arm-none-eabi/lib/armv7e-m\libm.a
START GROUP
LOAD d:/iti/13-tourkey/arm_stm32f401/tools/arm gcc/bin/../lib/gcc/arm-none-eabi/5.4.1/armv7e-m\libgcc.a
LOAD d:/iti/13-tourkey/arm_stm32f401/tools/arm gcc/bin/../lib/gcc/arm-none-eabi/5.4.1/../../../../arm-none-eabi/lib/armv7e-m\libg_nano.a
LOAD d:/iti/13-tourkey/arm_stm32f401/tools/arm gcc/bin/../lib/gcc/arm-none-eabi/5.4.1/../../../../arm-none-eabi/lib/armv7e-m\libc_nano.a
END GROUP
START GROUP
LOAD d:/iti/13-tourkey/arm_stm32f401/tools/arm gcc/bin/../lib/gcc/arm-none-eabi/5.4.1/armv7e-m\libgcc.a
LOAD d:/iti/13-tourkey/arm_stm32f401/tools/arm gcc/bin/../lib/gcc/arm-none-eabi/5.4.1/../../../../arm-none-eabi/lib/armv7e-m\libc_nano.a
END GROUP
                0x20010000                __stack = (ORIGIN (RAM) + LENGTH (RAM))
                0x20010000                _estack = __stack
                0x00000400                __Main_Stack_Size = 0x400
                [!provide]                PROVIDE (_Main_Stack_Size, __Main_Stack_Size)
                0x2000fc00                __Main_Stack_Limit = (__stack - __Main_Stack_Size)
                [!provide]                PROVIDE (_Main_Stack_Limit, __Main_Stack_Limit)
                0x00000100                _Minimum_Stack_Size = 0x100
                0x200041b8                PROVIDE (_Heap_Begin, _end_noinit)
                0x2000fc00                PROVIDE (_Heap_Limit, (__stack - __Main_Stack_Size))

.isr_vector     0x08000000      0x3f8
 FILL mask 0xff
                0x08000000                __vectors_start = ABSOLUTE (.)
                0x08000000                __vectors_start__ = ABSOLUTE (.)
 *(.isr_vector)
 .isr_vector    0x08000000      0x194 ./system/src/cmsis/vectors_stm32f401xc.o
                0x08000000                __isr_vectors
 *(.cfmconfig)
 *(.after_vectors .after_vectors.*)
 .after_vectors
                0x08000194      0x130 ./system/src/newlib/_startup.o
                0x08000194                _start
 .after_vectors
                0x080002c4      0x130 ./system/src/cortexm/exception_handlers.o
                0x080002c4                Reset_Handler
                0x080002cc                NMI_Handler
                0x080002d0                HardFault_Handler
                0x080002e4                HardFault_Handler_C
                0x08000344                MemManage_Handler
                0x08000348                BusFault_Handler
                0x0800035c                BusFault_Handler_C
                0x08000390                UsageFault_Handler
                0x080003a4                UsageFault_Handler_C
                0x080003d8                SVC_Handler
                0x080003dc                DebugMon_Handler
                0x080003e0                PendSV_Handler
                0x080003e4                SysTick_Handler
 .after_vectors
                0x080003f4        0x4 ./system/src/cmsis/vectors_stm32f401xc.o
                0x080003f4                RTC_Alarm_IRQHandler
                0x080003f4                EXTI2_IRQHandler
                0x080003f4                SPI4_IRQHandler
                0x080003f4                TIM1_CC_IRQHandler
                0x080003f4                PVD_IRQHandler
                0x080003f4                SDIO_IRQHandler
                0x080003f4                TAMP_STAMP_IRQHandler
                0x080003f4                EXTI3_IRQHandler
                0x080003f4                TIM1_UP_TIM10_IRQHandler
                0x080003f4                I2C3_ER_IRQHandler
                0x080003f4                EXTI0_IRQHandler
                0x080003f4                I2C2_EV_IRQHandler
                0x080003f4                FPU_IRQHandler
                0x080003f4                SPI1_IRQHandler
                0x080003f4                TIM1_BRK_TIM9_IRQHandler
                0x080003f4                USART6_IRQHandler
                0x080003f4                TIM4_IRQHandler
                0x080003f4                I2C1_EV_IRQHandler
                0x080003f4                TIM3_IRQHandler
                0x080003f4                RCC_IRQHandler
                0x080003f4                Default_Handler
                0x080003f4                EXTI15_10_IRQHandler
                0x080003f4                ADC_IRQHandler
                0x080003f4                TIM5_IRQHandler
                0x080003f4                I2C3_EV_IRQHandler
                0x080003f4                EXTI9_5_IRQHandler
                0x080003f4                RTC_WKUP_IRQHandler
                0x080003f4                SPI2_IRQHandler
                0x080003f4                EXTI4_IRQHandler
                0x080003f4                WWDG_IRQHandler
                0x080003f4                TIM2_IRQHandler
                0x080003f4                OTG_FS_WKUP_IRQHandler
                0x080003f4                TIM1_TRG_COM_TIM11_IRQHandler
                0x080003f4                EXTI1_IRQHandler
                0x080003f4                USART2_IRQHandler
                0x080003f4                I2C2_ER_IRQHandler
                0x080003f4                FLASH_IRQHandler
                0x080003f4                OTG_FS_IRQHandler
                0x080003f4                SPI3_IRQHandler
                0x080003f4                I2C1_ER_IRQHandler

.inits          0x080003f8       0x28
                0x080003f8                __data_regions_array_start = .
                0x080003f8        0x4 LONG 0x8001fd4 LOADADDR (.data)
                0x080003fc        0x4 LONG 0x20000000 ADDR (.data)
                0x08000400        0x4 LONG 0x2000007c (ADDR (.data) + SIZEOF (.data))
                0x08000404        0x4 LONG 0x8001fd4 LOADADDR (.data_CCMRAM)
                0x08000408        0x4 LONG 0x10000000 ADDR (.data_CCMRAM)
                0x0800040c        0x4 LONG 0x10000000 (ADDR (.data_CCMRAM) + SIZEOF (.data_CCMRAM))
                0x08000410                __data_regions_array_end = .
                0x08000410                __bss_regions_array_start = .
                0x08000410        0x4 LONG 0x2000007c ADDR (.bss)
                0x08000414        0x4 LONG 0x200041b8 (ADDR (.bss) + SIZEOF (.bss))
                0x08000418        0x4 LONG 0x10000000 ADDR (.bss_CCMRAM)
                0x0800041c        0x4 LONG 0x10000000 (ADDR (.bss_CCMRAM) + SIZEOF (.bss_CCMRAM))
                0x08000420                __bss_regions_array_end = .
 *(.init)
 *(.fini)
                0x08000420                . = ALIGN (0x4)
                0x08000420                PROVIDE (__preinit_array_start, .)
 *(.preinit_array_sysinit .preinit_array_sysinit.*)
 *(.preinit_array_platform .preinit_array_platform.*)
 *(.preinit_array .preinit_array.*)
                0x08000420                PROVIDE (__preinit_array_end, .)
                0x08000420                . = ALIGN (0x4)
                0x08000420                PROVIDE (__init_array_start, .)
 *(SORT(.init_array.*))
 *(.init_array)
                0x08000420                PROVIDE (__init_array_end, .)
                0x08000420                . = ALIGN (0x4)
                0x08000420                PROVIDE (__fini_array_start, .)
 *(SORT(.fini_array.*))
 *(.fini_array)
                0x08000420                PROVIDE (__fini_array_end, .)

.flashtext
 *(.flashtext .flashtext.*)

.text           0x08000420     0x1bb3
 *(.text .text.*)
 .text._exit    0x08000420        0x4 ./system/src/newlib/_exit.o
                0x08000420                _exit
 .text._sbrk    0x08000424       0x44 ./system/src/newlib/_sbrk.o
                0x08000424                _sbrk
 .text.__initialize_args
                0x08000468       0x10 ./system/src/newlib/_syscalls.o
                0x08000468                __initialize_args
 .text.trace_printf
                0x08000478       0x30 ./system/src/diag/Trace.o
                0x08000478                trace_printf
 .text._trace_write_semihosting_debug
                0x080004a8       0x64 ./system/src/diag/trace_impl.o
 .text.trace_write
                0x0800050c        0x8 ./system/src/diag/trace_impl.o
                0x0800050c                trace_write
 .text.__initialize_hardware_early
                0x08000514       0x18 ./system/src/cortexm/_initialize_hardware.o
                0x08000514                __initialize_hardware_early
 .text.__initialize_hardware
                0x0800052c        0x8 ./system/src/cortexm/_initialize_hardware.o
                0x0800052c                __initialize_hardware
 .text.dumpExceptionStack
                0x08000534       0xf0 ./system/src/cortexm/exception_handlers.o
                0x08000534                dumpExceptionStack
 .text.isSemihosting
                0x08000624       0x20 ./system/src/cortexm/exception_handlers.o
                0x08000624                isSemihosting
 .text.SystemInit
                0x08000644       0x40 ./system/src/cmsis/system_stm32f4xx.o
                0x08000644                SystemInit
 .text.SystemCoreClockUpdate
                0x08000684       0xa0 ./system/src/cmsis/system_stm32f4xx.o
                0x08000684                SystemCoreClockUpdate
 .text.RXBuffCblt
                0x08000724        0xc ./src/BLD_Manager.o
                0x08000724                RXBuffCblt
 .text.BLDManger_ConcWord
                0x08000730       0x18 ./src/BLD_Manager.o
 .text.crc32    0x08000748       0xa0 ./src/BLD_Manager.o
 .text.BLDManger_Erase
                0x080007e8       0x1c ./src/BLD_Manager.o
 .text.BLDManger_FlashApp
                0x08000804       0x48 ./src/BLD_Manager.o
 .text.BLDManger_RaisMark
                0x0800084c       0x48 ./src/BLD_Manager.o
 .text.BLDManger_SendPositiveRes
                0x08000894       0x1c ./src/BLD_Manager.o
 .text.BLDManger_SendNegativeRes
                0x080008b0       0x10 ./src/BLD_Manager.o
 .text.BLDManger_UartInit
                0x080008c0       0xc8 ./src/BLD_Manager.o
                0x080008c0                BLDManger_UartInit
 .text.BLDManger_FlashingTask
                0x08000988      0x450 ./src/BLD_Manager.o
                0x08000988                BLDManger_FlashingTask
 .text.DMA1_Stream0_IRQHandler
                0x08000dd8       0x10 ./src/DMA.o
                0x08000dd8                DMA1_Stream0_IRQHandler
 .text.DMA1_Stream1_IRQHandler
                0x08000de8       0x10 ./src/DMA.o
                0x08000de8                DMA1_Stream1_IRQHandler
 .text.DMA1_Stream2_IRQHandler
                0x08000df8       0x10 ./src/DMA.o
                0x08000df8                DMA1_Stream2_IRQHandler
 .text.DMA1_Stream3_IRQHandler
                0x08000e08       0x10 ./src/DMA.o
                0x08000e08                DMA1_Stream3_IRQHandler
 .text.DMA1_Stream4_IRQHandler
                0x08000e18       0x10 ./src/DMA.o
                0x08000e18                DMA1_Stream4_IRQHandler
 .text.DMA1_Stream5_IRQHandler
                0x08000e28       0x10 ./src/DMA.o
                0x08000e28                DMA1_Stream5_IRQHandler
 .text.DMA1_Stream6_IRQHandler
                0x08000e38       0x10 ./src/DMA.o
                0x08000e38                DMA1_Stream6_IRQHandler
 .text.DMA1_Stream7_IRQHandler
                0x08000e48       0x10 ./src/DMA.o
                0x08000e48                DMA1_Stream7_IRQHandler
 .text.DMA2_Stream0_IRQHandler
                0x08000e58       0x10 ./src/DMA.o
                0x08000e58                DMA2_Stream0_IRQHandler
 .text.DMA2_Stream1_IRQHandler
                0x08000e68       0x10 ./src/DMA.o
                0x08000e68                DMA2_Stream1_IRQHandler
 .text.DMA2_Stream2_IRQHandler
                0x08000e78       0x10 ./src/DMA.o
                0x08000e78                DMA2_Stream2_IRQHandler
 .text.DMA2_Stream3_IRQHandler
                0x08000e88       0x10 ./src/DMA.o
                0x08000e88                DMA2_Stream3_IRQHandler
 .text.DMA2_Stream4_IRQHandler
                0x08000e98       0x10 ./src/DMA.o
                0x08000e98                DMA2_Stream4_IRQHandler
 .text.DMA2_Stream5_IRQHandler
                0x08000ea8       0x10 ./src/DMA.o
                0x08000ea8                DMA2_Stream5_IRQHandler
 .text.DMA2_Stream6_IRQHandler
                0x08000eb8       0x10 ./src/DMA.o
                0x08000eb8                DMA2_Stream6_IRQHandler
 .text.DMA2_Stream7_IRQHandler
                0x08000ec8       0x10 ./src/DMA.o
                0x08000ec8                DMA2_Stream7_IRQHandler
 .text.Flash_SetProgramSize
                0x08000ed8       0x18 ./src/Flash.o
 .text.Flash_Init
                0x08000ef0       0x18 ./src/Flash.o
                0x08000ef0                Flash_Init
 .text.Flash_SectorErase
                0x08000f08       0x58 ./src/Flash.o
                0x08000f08                Flash_SectorErase
 .text.Flash_Program
                0x08000f60       0xa4 ./src/Flash.o
                0x08000f60                Flash_Program
 .text.Gpio_enuinitPinCfg
                0x08001004       0x88 ./src/GPIO.o
                0x08001004                Gpio_enuinitPinCfg
 .text.Gpio_enuSetPintValue
                0x0800108c       0x38 ./src/GPIO.o
                0x0800108c                Gpio_enuSetPintValue
 .text.Gpio_enuSetAF
                0x080010c4       0x44 ./src/GPIO.o
                0x080010c4                Gpio_enuSetAF
 .text.NVIC_vidEnableIRQ
                0x08001108       0x24 ./src/NVIC.o
                0x08001108                NVIC_vidEnableIRQ
 .text.RCC_EnablePriphralCLK
                0x0800112c       0x54 ./src/RCC.o
                0x0800112c                RCC_EnablePriphralCLK
 .text.SCB_RestSys
                0x08001180       0x10 ./src/SCB.o
                0x08001180                SCB_RestSys
 .text.Usart_ClearTcSecunce
                0x08001190       0x18 ./src/Usart.o
 .text.Uart_Init
                0x080011a8       0xe8 ./src/Usart.o
                0x080011a8                Uart_Init
 .text.Uart_SendByte
                0x08001290       0x2c ./src/Usart.o
                0x08001290                Uart_SendByte
 .text.Uart_RxByte
                0x080012bc       0x14 ./src/Usart.o
                0x080012bc                Uart_RxByte
 .text.Uart_RXBuffer
                0x080012d0       0x4c ./src/Usart.o
                0x080012d0                Uart_RXBuffer
 .text.Uart_RegisterCpfRxComplet
                0x0800131c       0x3c ./src/Usart.o
                0x0800131c                Uart_RegisterCpfRxComplet
 .text.USART1_IRQHandler
                0x08001358       0x94 ./src/Usart.o
                0x08001358                USART1_IRQHandler
 .text.Get_MainStackPionter
                0x080013ec        0x8 ./src/main.o
                0x080013ec                Get_MainStackPionter
 .text.main     0x080013f4       0x74 ./src/main.o
                0x080013f4                main
 .text.__errno  0x08001468        0xc d:/iti/13-tourkey/arm_stm32f401/tools/arm gcc/bin/../lib/gcc/arm-none-eabi/5.4.1/../../../../arm-none-eabi/lib/armv7e-m\libg_nano.a(lib_a-errno.o)
                0x08001468                __errno
 .text._vsnprintf_r
                0x08001474       0x56 d:/iti/13-tourkey/arm_stm32f401/tools/arm gcc/bin/../lib/gcc/arm-none-eabi/5.4.1/../../../../arm-none-eabi/lib/armv7e-m\libg_nano.a(lib_a-vsnprintf.o)
                0x08001474                _vsniprintf_r
                0x08001474                _vsnprintf_r
 *fill*         0x080014ca        0x2 
 .text.vsnprintf
                0x080014cc       0x1c d:/iti/13-tourkey/arm_stm32f401/tools/arm gcc/bin/../lib/gcc/arm-none-eabi/5.4.1/../../../../arm-none-eabi/lib/armv7e-m\libg_nano.a(lib_a-vsnprintf.o)
                0x080014cc                vsniprintf
                0x080014cc                vsnprintf
 .text.__ssputs_r
                0x080014e8       0xb2 d:/iti/13-tourkey/arm_stm32f401/tools/arm gcc/bin/../lib/gcc/arm-none-eabi/5.4.1/../../../../arm-none-eabi/lib/armv7e-m\libg_nano.a(lib_a-nano-svfprintf.o)
                0x080014e8                __ssputs_r
 *fill*         0x0800159a        0x2 
 .text._svfprintf_r
                0x0800159c      0x1e8 d:/iti/13-tourkey/arm_stm32f401/tools/arm gcc/bin/../lib/gcc/arm-none-eabi/5.4.1/../../../../arm-none-eabi/lib/armv7e-m\libg_nano.a(lib_a-nano-svfprintf.o)
                0x0800159c                _svfiprintf_r
                0x0800159c                _svfprintf_r
 .text._printf_common
                0x08001784       0xec d:/iti/13-tourkey/arm_stm32f401/tools/arm gcc/bin/../lib/gcc/arm-none-eabi/5.4.1/../../../../arm-none-eabi/lib/armv7e-m\libg_nano.a(lib_a-nano-vfprintf_i.o)
                0x08001784                _printf_common
 .text._printf_i
                0x08001870      0x24c d:/iti/13-tourkey/arm_stm32f401/tools/arm gcc/bin/../lib/gcc/arm-none-eabi/5.4.1/../../../../arm-none-eabi/lib/armv7e-m\libg_nano.a(lib_a-nano-vfprintf_i.o)
                0x08001870                _printf_i
 *fill*         0x08001abc        0x4 
 .text          0x08001ac0       0xa0 d:/iti/13-tourkey/arm_stm32f401/tools/arm gcc/bin/../lib/gcc/arm-none-eabi/5.4.1/../../../../arm-none-eabi/lib/armv7e-m\libg_nano.a(lib_a-memchr.o)
                0x08001ac0                memchr
 .text.memcpy   0x08001b60       0x16 d:/iti/13-tourkey/arm_stm32f401/tools/arm gcc/bin/../lib/gcc/arm-none-eabi/5.4.1/../../../../arm-none-eabi/lib/armv7e-m\libg_nano.a(lib_a-memcpy-stub.o)
                0x08001b60                memcpy
 .text.memmove  0x08001b76       0x36 d:/iti/13-tourkey/arm_stm32f401/tools/arm gcc/bin/../lib/gcc/arm-none-eabi/5.4.1/../../../../arm-none-eabi/lib/armv7e-m\libg_nano.a(lib_a-memmove.o)
                0x08001b76                memmove
 .text._free_r  0x08001bac       0x9c d:/iti/13-tourkey/arm_stm32f401/tools/arm gcc/bin/../lib/gcc/arm-none-eabi/5.4.1/../../../../arm-none-eabi/lib/armv7e-m\libg_nano.a(lib_a-nano-freer.o)
                0x08001bac                _free_r
 .text._malloc_r
                0x08001c48       0xbc d:/iti/13-tourkey/arm_stm32f401/tools/arm gcc/bin/../lib/gcc/arm-none-eabi/5.4.1/../../../../arm-none-eabi/lib/armv7e-m\libg_nano.a(lib_a-nano-mallocr.o)
                0x08001c48                _malloc_r
 .text._realloc_r
                0x08001d04       0x4c d:/iti/13-tourkey/arm_stm32f401/tools/arm gcc/bin/../lib/gcc/arm-none-eabi/5.4.1/../../../../arm-none-eabi/lib/armv7e-m\libg_nano.a(lib_a-nano-reallocr.o)
                0x08001d04                _realloc_r
 .text._sbrk_r  0x08001d50       0x20 d:/iti/13-tourkey/arm_stm32f401/tools/arm gcc/bin/../lib/gcc/arm-none-eabi/5.4.1/../../../../arm-none-eabi/lib/armv7e-m\libg_nano.a(lib_a-sbrkr.o)
                0x08001d50                _sbrk_r
 .text.__malloc_lock
                0x08001d70        0x2 d:/iti/13-tourkey/arm_stm32f401/tools/arm gcc/bin/../lib/gcc/arm-none-eabi/5.4.1/../../../../arm-none-eabi/lib/armv7e-m\libg_nano.a(lib_a-mlock.o)
                0x08001d70                __malloc_lock
 .text.__malloc_unlock
                0x08001d72        0x2 d:/iti/13-tourkey/arm_stm32f401/tools/arm gcc/bin/../lib/gcc/arm-none-eabi/5.4.1/../../../../arm-none-eabi/lib/armv7e-m\libg_nano.a(lib_a-mlock.o)
                0x08001d72                __malloc_unlock
 .text._malloc_usable_size_r
                0x08001d74       0x14 d:/iti/13-tourkey/arm_stm32f401/tools/arm gcc/bin/../lib/gcc/arm-none-eabi/5.4.1/../../../../arm-none-eabi/lib/armv7e-m\libg_nano.a(lib_a-nano-msizer.o)
                0x08001d74                _malloc_usable_size_r
 *(.rodata .rodata.* .constdata .constdata.*)
 .rodata.str1.4
                0x08001d88      0x146 ./system/src/cortexm/exception_handlers.o
 *fill*         0x08001ece        0x2 
 .rodata.AHBPrescTable
                0x08001ed0       0x10 ./system/src/cmsis/system_stm32f4xx.o
                0x08001ed0                AHBPrescTable
 .rodata.str1.4
                0x08001ee0       0x85 ./src/BLD_Manager.o
                                 0x89 (size before relaxing)
 *fill*         0x08001f65        0x3 
 .rodata.str1.4
                0x08001f68       0x38 ./src/main.o
 .rodata.str1.1
                0x08001fa0       0x11 d:/iti/13-tourkey/arm_stm32f401/tools/arm gcc/bin/../lib/gcc/arm-none-eabi/5.4.1/../../../../arm-none-eabi/lib/armv7e-m\libg_nano.a(lib_a-nano-svfprintf.o)
 .rodata.str1.1
                0x08001fb1       0x22 d:/iti/13-tourkey/arm_stm32f401/tools/arm gcc/bin/../lib/gcc/arm-none-eabi/5.4.1/../../../../arm-none-eabi/lib/armv7e-m\libg_nano.a(lib_a-nano-vfprintf_i.o)
 *(vtable)
 *(.eh_frame*)
 *(.glue_7)
 .glue_7        0x08001fd3        0x0 linker stubs
 *(.glue_7t)
 .glue_7t       0x08001fd3        0x0 linker stubs

.vfp11_veneer   0x08001fd4        0x0
 .vfp11_veneer  0x08001fd4        0x0 linker stubs

.v4_bx          0x08001fd4        0x0
 .v4_bx         0x08001fd4        0x0 linker stubs

.iplt           0x08001fd4        0x0
 .iplt          0x08001fd4        0x0 ./system/src/newlib/_cxx.o

.rel.dyn        0x08001fd4        0x0
 .rel.iplt      0x08001fd4        0x0 ./system/src/newlib/_cxx.o

.ARM.extab
 *(.ARM.extab* .gnu.linkonce.armextab.*)
                0x08001fd4                . = ALIGN (0x4)
                0x08001fd4                __exidx_start = .

.ARM.exidx
 *(.ARM.exidx* .gnu.linkonce.armexidx.*)
                0x08001fd4                __exidx_end = .
                0x08001fd4                . = ALIGN (0x4)
                0x08001fd4                _etext = .
                0x08001fd4                __etext = .

.data_CCMRAM    0x10000000        0x0 load address 0x08001fd4
 FILL mask 0xff
 *(.data.CCMRAM .data.CCMRAM.*)
                0x10000000                . = ALIGN (0x4)
                0x08001fd4                _sidata = LOADADDR (.data)

.data           0x20000000       0x7c load address 0x08001fd4
 FILL mask 0xff
                0x20000000                _sdata = .
                0x20000000                __data_start__ = .
 *(.data_begin .data_begin.*)
 .data_begin    0x20000000        0x4 ./system/src/newlib/_startup.o
 *(.data .data.*)
 .data.argv.4290
                0x20000004        0x8 ./system/src/newlib/_syscalls.o
 .data.SystemCoreClock
                0x2000000c        0x4 ./system/src/cmsis/system_stm32f4xx.o
                0x2000000c                SystemCoreClock
 .data.FlashingSec.5814
                0x20000010        0x1 ./src/BLD_Manager.o
 *fill*         0x20000011        0x3 ff
 .data.impure_data
                0x20000014       0x60 d:/iti/13-tourkey/arm_stm32f401/tools/arm gcc/bin/../lib/gcc/arm-none-eabi/5.4.1/../../../../arm-none-eabi/lib/armv7e-m\libg_nano.a(lib_a-impure.o)
 .data._impure_ptr
                0x20000074        0x4 d:/iti/13-tourkey/arm_stm32f401/tools/arm gcc/bin/../lib/gcc/arm-none-eabi/5.4.1/../../../../arm-none-eabi/lib/armv7e-m\libg_nano.a(lib_a-impure.o)
                0x20000074                _impure_ptr
 *(.data_end .data_end.*)
 .data_end      0x20000078        0x4 ./system/src/newlib/_startup.o
                0x2000007c                . = ALIGN (0x4)
                0x2000007c                _edata = .
                0x2000007c                __data_end__ = .

.igot.plt       0x2000007c        0x0 load address 0x08002050
 .igot.plt      0x2000007c        0x0 ./system/src/newlib/_cxx.o

.bss_CCMRAM     0x10000000        0x0
 *(.bss.CCMRAM .bss.CCMRAM.*)

.bss            0x2000007c     0x413c
                0x2000007c                __bss_start__ = .
                0x2000007c                _sbss = .
 *(.bss_begin .bss_begin.*)
 .bss_begin     0x2000007c        0x4 ./system/src/newlib/_startup.o
 *(.bss .bss.*)
 .bss.current_heap_end.3974
                0x20000080        0x4 ./system/src/newlib/_sbrk.o
 .bss.name.4289
                0x20000084        0x1 ./system/src/newlib/_syscalls.o
 *fill*         0x20000085        0x3 
 .bss.buf.5179  0x20000088       0x80 ./system/src/diag/Trace.o
 .bss.BuffRecived
                0x20000108        0x1 ./src/BLD_Manager.o
 *fill*         0x20000109        0x3 
 .bss.RemainingSize.5816
                0x2000010c        0x4 ./src/BLD_Manager.o
 .bss.Loc_AppFirstAdd
                0x20000110        0x4 ./src/BLD_Manager.o
 .bss.Glop_Response
                0x20000114        0x1 ./src/BLD_Manager.o
 .bss.State.5815
                0x20000115        0x1 ./src/BLD_Manager.o
 *fill*         0x20000116        0x2 
 .bss.Loc_uart  0x20000118       0x34 ./src/BLD_Manager.o
 .bss.AppArr_buff
                0x2000014c     0x4001 ./src/BLD_Manager.o
 *fill*         0x2000414d        0x3 
 .bss.DmaStreamCbf
                0x20004150       0x3c ./src/DMA.o
 .bss.Glop_TxCompleteCpf1
                0x2000418c        0x4 ./src/Usart.o
 .bss.Glop_Uart1
                0x20004190        0x4 ./src/Usart.o
 .bss.Glop_RxCompleteCpf1
                0x20004194        0x4 ./src/Usart.o
 .bss.__malloc_sbrk_start
                0x20004198        0x4 d:/iti/13-tourkey/arm_stm32f401/tools/arm gcc/bin/../lib/gcc/arm-none-eabi/5.4.1/../../../../arm-none-eabi/lib/armv7e-m\libg_nano.a(lib_a-nano-mallocr.o)
                0x20004198                __malloc_sbrk_start
 .bss.__malloc_free_list
                0x2000419c        0x4 d:/iti/13-tourkey/arm_stm32f401/tools/arm gcc/bin/../lib/gcc/arm-none-eabi/5.4.1/../../../../arm-none-eabi/lib/armv7e-m\libg_nano.a(lib_a-nano-mallocr.o)
                0x2000419c                __malloc_free_list
 *(COMMON)
 COMMON         0x200041a0        0x4 ./system/src/newlib/_syscalls.o
                0x200041a0                errno
 COMMON         0x200041a4       0x10 ./src/BLD_Manager.o
                0x200041a4                St_App
 *(.bss_end .bss_end.*)
 .bss_end       0x200041b4        0x4 ./system/src/newlib/_startup.o
                0x200041b8                . = ALIGN (0x4)
                0x200041b8                __bss_end__ = .
                0x200041b8                _ebss = .

.noinit_CCMRAM
 *(.noinit.CCMRAM .noinit.CCMRAM.*)

.noinit         0x200041b8        0x0
                0x200041b8                _noinit = .
 *(.noinit .noinit.*)
                0x200041b8                . = ALIGN (0x4)
                0x200041b8                _end_noinit = .
                [!provide]                PROVIDE (end, _end_noinit)
                [!provide]                PROVIDE (_end, _end_noinit)
                [!provide]                PROVIDE (__end, _end_noinit)
                [!provide]                PROVIDE (__end__, _end_noinit)

._check_stack   0x200041b8      0x100
                0x200042b8                . = (. + _Minimum_Stack_Size)
 *fill*         0x200041b8      0x100 

.b1text
 *(.b1text)
 *(.b1rodata)
 *(.b1rodata.*)

.eb0text
 *(.eb0text)
 *(.eb0rodata)
 *(.eb0rodata.*)

.eb1text
 *(.eb1text)
 *(.eb1rodata)
 *(.eb1rodata.*)

.eb2text
 *(.eb2text)
 *(.eb2rodata)
 *(.eb2rodata.*)

.eb3text
 *(.eb3text)
 *(.eb3rodata)
 *(.eb3rodata.*)

.stab
 *(.stab)

.stabstr
 *(.stabstr)

.stab.excl
 *(.stab.excl)

.stab.exclstr
 *(.stab.exclstr)

.stab.index
 *(.stab.index)

.stab.indexstr
 *(.stab.indexstr)

.comment        0x00000000       0x6e
 *(.comment)
 .comment       0x00000000       0x6e ./system/src/newlib/_exit.o
                                 0x6f (size before relaxing)
 .comment       0x0000006e       0x6f ./system/src/newlib/_sbrk.o
 .comment       0x0000006e       0x6f ./system/src/newlib/_startup.o
 .comment       0x0000006e       0x6f ./system/src/newlib/_syscalls.o
 .comment       0x0000006e       0x6f ./system/src/diag/Trace.o
 .comment       0x0000006e       0x6f ./system/src/diag/trace_impl.o
 .comment       0x0000006e       0x6f ./system/src/cortexm/_initialize_hardware.o
 .comment       0x0000006e       0x6f ./system/src/cortexm/exception_handlers.o
 .comment       0x0000006e       0x6f ./system/src/cmsis/system_stm32f4xx.o
 .comment       0x0000006e       0x6f ./system/src/cmsis/vectors_stm32f401xc.o
 .comment       0x0000006e       0x6f ./src/BLD_Manager.o
 .comment       0x0000006e       0x6f ./src/DMA.o
 .comment       0x0000006e       0x6f ./src/Flash.o
 .comment       0x0000006e       0x6f ./src/GPIO.o
 .comment       0x0000006e       0x6f ./src/NVIC.o
 .comment       0x0000006e       0x6f ./src/RCC.o
 .comment       0x0000006e       0x6f ./src/SCB.o
 .comment       0x0000006e       0x6f ./src/Usart.o
 .comment       0x0000006e       0x6f ./src/main.o

.ARM.attributes
                0x00000000       0x31
 .ARM.attributes
                0x00000000       0x33 ./system/src/newlib/_exit.o
 .ARM.attributes
                0x00000033       0x33 ./system/src/newlib/_sbrk.o
 .ARM.attributes
                0x00000066       0x33 ./system/src/newlib/_startup.o
 .ARM.attributes
                0x00000099       0x33 ./system/src/newlib/_syscalls.o
 .ARM.attributes
                0x000000cc       0x33 ./system/src/diag/Trace.o
 .ARM.attributes
                0x000000ff       0x33 ./system/src/diag/trace_impl.o
 .ARM.attributes
                0x00000132       0x33 ./system/src/cortexm/_initialize_hardware.o
 .ARM.attributes
                0x00000165       0x33 ./system/src/cortexm/exception_handlers.o
 .ARM.attributes
                0x00000198       0x33 ./system/src/cmsis/system_stm32f4xx.o
 .ARM.attributes
                0x000001cb       0x33 ./system/src/cmsis/vectors_stm32f401xc.o
 .ARM.attributes
                0x000001fe       0x33 ./src/BLD_Manager.o
 .ARM.attributes
                0x00000231       0x33 ./src/DMA.o
 .ARM.attributes
                0x00000264       0x33 ./src/Flash.o
 .ARM.attributes
                0x00000297       0x33 ./src/GPIO.o
 .ARM.attributes
                0x000002ca       0x33 ./src/NVIC.o
 .ARM.attributes
                0x000002fd       0x33 ./src/RCC.o
 .ARM.attributes
                0x00000330       0x33 ./src/SCB.o
 .ARM.attributes
                0x00000363       0x33 ./src/Usart.o
 .ARM.attributes
                0x00000396       0x33 ./src/main.o
 .ARM.attributes
                0x000003c9       0x2e d:/iti/13-tourkey/arm_stm32f401/tools/arm gcc/bin/../lib/gcc/arm-none-eabi/5.4.1/../../../../arm-none-eabi/lib/armv7e-m\libg_nano.a(lib_a-errno.o)
 .ARM.attributes
                0x000003f7       0x2e d:/iti/13-tourkey/arm_stm32f401/tools/arm gcc/bin/../lib/gcc/arm-none-eabi/5.4.1/../../../../arm-none-eabi/lib/armv7e-m\libg_nano.a(lib_a-impure.o)
 .ARM.attributes
                0x00000425       0x2e d:/iti/13-tourkey/arm_stm32f401/tools/arm gcc/bin/../lib/gcc/arm-none-eabi/5.4.1/../../../../arm-none-eabi/lib/armv7e-m\libg_nano.a(lib_a-vsnprintf.o)
 .ARM.attributes
                0x00000453       0x2e d:/iti/13-tourkey/arm_stm32f401/tools/arm gcc/bin/../lib/gcc/arm-none-eabi/5.4.1/../../../../arm-none-eabi/lib/armv7e-m\libg_nano.a(lib_a-nano-svfprintf.o)
 .ARM.attributes
                0x00000481       0x2e d:/iti/13-tourkey/arm_stm32f401/tools/arm gcc/bin/../lib/gcc/arm-none-eabi/5.4.1/../../../../arm-none-eabi/lib/armv7e-m\libg_nano.a(lib_a-nano-vfprintf_i.o)
 .ARM.attributes
                0x000004af       0x1c d:/iti/13-tourkey/arm_stm32f401/tools/arm gcc/bin/../lib/gcc/arm-none-eabi/5.4.1/../../../../arm-none-eabi/lib/armv7e-m\libg_nano.a(lib_a-memchr.o)
 .ARM.attributes
                0x000004cb       0x2e d:/iti/13-tourkey/arm_stm32f401/tools/arm gcc/bin/../lib/gcc/arm-none-eabi/5.4.1/../../../../arm-none-eabi/lib/armv7e-m\libg_nano.a(lib_a-memcpy-stub.o)
 .ARM.attributes
                0x000004f9       0x2e d:/iti/13-tourkey/arm_stm32f401/tools/arm gcc/bin/../lib/gcc/arm-none-eabi/5.4.1/../../../../arm-none-eabi/lib/armv7e-m\libg_nano.a(lib_a-memmove.o)
 .ARM.attributes
                0x00000527       0x2e d:/iti/13-tourkey/arm_stm32f401/tools/arm gcc/bin/../lib/gcc/arm-none-eabi/5.4.1/../../../../arm-none-eabi/lib/armv7e-m\libg_nano.a(lib_a-nano-freer.o)
 .ARM.attributes
                0x00000555       0x2e d:/iti/13-tourkey/arm_stm32f401/tools/arm gcc/bin/../lib/gcc/arm-none-eabi/5.4.1/../../../../arm-none-eabi/lib/armv7e-m\libg_nano.a(lib_a-nano-mallocr.o)
 .ARM.attributes
                0x00000583       0x2e d:/iti/13-tourkey/arm_stm32f401/tools/arm gcc/bin/../lib/gcc/arm-none-eabi/5.4.1/../../../../arm-none-eabi/lib/armv7e-m\libg_nano.a(lib_a-nano-reallocr.o)
 .ARM.attributes
                0x000005b1       0x2e d:/iti/13-tourkey/arm_stm32f401/tools/arm gcc/bin/../lib/gcc/arm-none-eabi/5.4.1/../../../../arm-none-eabi/lib/armv7e-m\libg_nano.a(lib_a-sbrkr.o)
 .ARM.attributes
                0x000005df       0x2e d:/iti/13-tourkey/arm_stm32f401/tools/arm gcc/bin/../lib/gcc/arm-none-eabi/5.4.1/../../../../arm-none-eabi/lib/armv7e-m\libg_nano.a(lib_a-mlock.o)
 .ARM.attributes
                0x0000060d       0x2e d:/iti/13-tourkey/arm_stm32f401/tools/arm gcc/bin/../lib/gcc/arm-none-eabi/5.4.1/../../../../arm-none-eabi/lib/armv7e-m\libg_nano.a(lib_a-nano-msizer.o)

.debug
 *(.debug)

.line
 *(.line)

.debug_srcinfo
 *(.debug_srcinfo)

.debug_sfnames
 *(.debug_sfnames)

.debug_aranges  0x00000000      0x518
 *(.debug_aranges)
 .debug_aranges
                0x00000000       0x28 ./system/src/newlib/_exit.o
 .debug_aranges
                0x00000028       0x20 ./system/src/newlib/_sbrk.o
 .debug_aranges
                0x00000048       0x40 ./system/src/newlib/_startup.o
 .debug_aranges
                0x00000088       0x30 ./system/src/newlib/_syscalls.o
 .debug_aranges
                0x000000b8       0x38 ./system/src/diag/Trace.o
 .debug_aranges
                0x000000f0       0x30 ./system/src/diag/trace_impl.o
 .debug_aranges
                0x00000120       0x28 ./system/src/cortexm/_initialize_hardware.o
 .debug_aranges
                0x00000148       0x90 ./system/src/cortexm/exception_handlers.o
 .debug_aranges
                0x000001d8       0x28 ./system/src/cmsis/system_stm32f4xx.o
 .debug_aranges
                0x00000200       0x20 ./system/src/cmsis/vectors_stm32f401xc.o
 .debug_aranges
                0x00000220       0x68 ./src/BLD_Manager.o
 .debug_aranges
                0x00000288       0xb0 ./src/DMA.o
 .debug_aranges
                0x00000338       0x40 ./src/Flash.o
 .debug_aranges
                0x00000378       0x38 ./src/GPIO.o
 .debug_aranges
                0x000003b0       0x48 ./src/NVIC.o
 .debug_aranges
                0x000003f8       0x68 ./src/RCC.o
 .debug_aranges
                0x00000460       0x28 ./src/SCB.o
 .debug_aranges
                0x00000488       0x68 ./src/Usart.o
 .debug_aranges
                0x000004f0       0x28 ./src/main.o

.debug_pubnames
 *(.debug_pubnames)

.debug_info     0x00000000     0x4d43
 *(.debug_info .gnu.linkonce.wi.*)
 .debug_info    0x00000000       0xef ./system/src/newlib/_exit.o
 .debug_info    0x000000ef      0x11f ./system/src/newlib/_sbrk.o
 .debug_info    0x0000020e      0x4f2 ./system/src/newlib/_startup.o
 .debug_info    0x00000700      0x1c7 ./system/src/newlib/_syscalls.o
 .debug_info    0x000008c7      0x2e7 ./system/src/diag/Trace.o
 .debug_info    0x00000bae      0x30b ./system/src/diag/trace_impl.o
 .debug_info    0x00000eb9      0x2bf ./system/src/cortexm/_initialize_hardware.o
 .debug_info    0x00001178      0x8f4 ./system/src/cortexm/exception_handlers.o
 .debug_info    0x00001a6c      0x4e3 ./system/src/cmsis/system_stm32f4xx.o
 .debug_info    0x00001f4f       0xd1 ./system/src/cmsis/vectors_stm32f401xc.o
 .debug_info    0x00002020      0xd6c ./src/BLD_Manager.o
 .debug_info    0x00002d8c      0x4ab ./src/DMA.o
 .debug_info    0x00003237      0x299 ./src/Flash.o
 .debug_info    0x000034d0      0x325 ./src/GPIO.o
 .debug_info    0x000037f5      0x53c ./src/NVIC.o
 .debug_info    0x00003d31      0x5e3 ./src/RCC.o
 .debug_info    0x00004314       0xcf ./src/SCB.o
 .debug_info    0x000043e3      0x707 ./src/Usart.o
 .debug_info    0x00004aea      0x259 ./src/main.o

.debug_abbrev   0x00000000     0x15f4
 *(.debug_abbrev)
 .debug_abbrev  0x00000000       0x8e ./system/src/newlib/_exit.o
 .debug_abbrev  0x0000008e       0xb9 ./system/src/newlib/_sbrk.o
 .debug_abbrev  0x00000147      0x1b6 ./system/src/newlib/_startup.o
 .debug_abbrev  0x000002fd       0xec ./system/src/newlib/_syscalls.o
 .debug_abbrev  0x000003e9      0x156 ./system/src/diag/Trace.o
 .debug_abbrev  0x0000053f      0x1c8 ./system/src/diag/trace_impl.o
 .debug_abbrev  0x00000707       0xea ./system/src/cortexm/_initialize_hardware.o
 .debug_abbrev  0x000007f1      0x247 ./system/src/cortexm/exception_handlers.o
 .debug_abbrev  0x00000a38      0x104 ./system/src/cmsis/system_stm32f4xx.o
 .debug_abbrev  0x00000b3c       0x9d ./system/src/cmsis/vectors_stm32f401xc.o
 .debug_abbrev  0x00000bd9      0x1c2 ./src/BLD_Manager.o
 .debug_abbrev  0x00000d9b      0x132 ./src/DMA.o
 .debug_abbrev  0x00000ecd      0x10b ./src/Flash.o
 .debug_abbrev  0x00000fd8      0x108 ./src/GPIO.o
 .debug_abbrev  0x000010e0       0xfb ./src/NVIC.o
 .debug_abbrev  0x000011db      0x110 ./src/RCC.o
 .debug_abbrev  0x000012eb       0x7b ./src/SCB.o
 .debug_abbrev  0x00001366      0x193 ./src/Usart.o
 .debug_abbrev  0x000014f9       0xfb ./src/main.o

.debug_line     0x00000000     0x5fc4
 *(.debug_line)
 .debug_line    0x00000000      0x311 ./system/src/newlib/_exit.o
 .debug_line    0x00000311      0x2c2 ./system/src/newlib/_sbrk.o
 .debug_line    0x000005d3      0x38a ./system/src/newlib/_startup.o
 .debug_line    0x0000095d      0x3d2 ./system/src/newlib/_syscalls.o
 .debug_line    0x00000d2f      0x37f ./system/src/diag/Trace.o
 .debug_line    0x000010ae      0xa7e ./system/src/diag/trace_impl.o
 .debug_line    0x00001b2c      0x9e6 ./system/src/cortexm/_initialize_hardware.o
 .debug_line    0x00002512      0xb1c ./system/src/cortexm/exception_handlers.o
 .debug_line    0x0000302e      0x9e6 ./system/src/cmsis/system_stm32f4xx.o
 .debug_line    0x00003a14       0xfa ./system/src/cmsis/vectors_stm32f401xc.o
 .debug_line    0x00003b0e      0x598 ./src/BLD_Manager.o
 .debug_line    0x000040a6      0x480 ./src/DMA.o
 .debug_line    0x00004526      0x3bd ./src/Flash.o
 .debug_line    0x000048e3      0x388 ./src/GPIO.o
 .debug_line    0x00004c6b      0x3b0 ./src/NVIC.o
 .debug_line    0x0000501b      0x48d ./src/RCC.o
 .debug_line    0x000054a8      0x32a ./src/SCB.o
 .debug_line    0x000057d2      0x487 ./src/Usart.o
 .debug_line    0x00005c59      0x36b ./src/main.o

.debug_frame    0x00000000      0xdac
 *(.debug_frame)
 .debug_frame   0x00000000       0x38 ./system/src/newlib/_exit.o
 .debug_frame   0x00000038       0x28 ./system/src/newlib/_sbrk.o
 .debug_frame   0x00000060       0x7c ./system/src/newlib/_startup.o
 .debug_frame   0x000000dc       0x50 ./system/src/newlib/_syscalls.o
 .debug_frame   0x0000012c       0x94 ./system/src/diag/Trace.o
 .debug_frame   0x000001c0       0x60 ./system/src/diag/trace_impl.o
 .debug_frame   0x00000220       0x40 ./system/src/cortexm/_initialize_hardware.o
 .debug_frame   0x00000260      0x158 ./system/src/cortexm/exception_handlers.o
 .debug_frame   0x000003b8       0x30 ./system/src/cmsis/system_stm32f4xx.o
 .debug_frame   0x000003e8       0x20 ./system/src/cmsis/vectors_stm32f401xc.o
 .debug_frame   0x00000408      0x114 ./src/BLD_Manager.o
 .debug_frame   0x0000051c      0x1f4 ./src/DMA.o
 .debug_frame   0x00000710       0x70 ./src/Flash.o
 .debug_frame   0x00000780       0x7c ./src/GPIO.o
 .debug_frame   0x000007fc       0x88 ./src/NVIC.o
 .debug_frame   0x00000884       0xe4 ./src/RCC.o
 .debug_frame   0x00000968       0x30 ./src/SCB.o
 .debug_frame   0x00000998      0x118 ./src/Usart.o
 .debug_frame   0x00000ab0       0x38 ./src/main.o
 .debug_frame   0x00000ae8       0x20 d:/iti/13-tourkey/arm_stm32f401/tools/arm gcc/bin/../lib/gcc/arm-none-eabi/5.4.1/../../../../arm-none-eabi/lib/armv7e-m\libg_nano.a(lib_a-errno.o)
 .debug_frame   0x00000b08       0x48 d:/iti/13-tourkey/arm_stm32f401/tools/arm gcc/bin/../lib/gcc/arm-none-eabi/5.4.1/../../../../arm-none-eabi/lib/armv7e-m\libg_nano.a(lib_a-vsnprintf.o)
 .debug_frame   0x00000b50       0x90 d:/iti/13-tourkey/arm_stm32f401/tools/arm gcc/bin/../lib/gcc/arm-none-eabi/5.4.1/../../../../arm-none-eabi/lib/armv7e-m\libg_nano.a(lib_a-nano-svfprintf.o)
 .debug_frame   0x00000be0       0x60 d:/iti/13-tourkey/arm_stm32f401/tools/arm gcc/bin/../lib/gcc/arm-none-eabi/5.4.1/../../../../arm-none-eabi/lib/armv7e-m\libg_nano.a(lib_a-nano-vfprintf_i.o)
 .debug_frame   0x00000c40       0x28 d:/iti/13-tourkey/arm_stm32f401/tools/arm gcc/bin/../lib/gcc/arm-none-eabi/5.4.1/../../../../arm-none-eabi/lib/armv7e-m\libg_nano.a(lib_a-memcpy-stub.o)
 .debug_frame   0x00000c68       0x28 d:/iti/13-tourkey/arm_stm32f401/tools/arm gcc/bin/../lib/gcc/arm-none-eabi/5.4.1/../../../../arm-none-eabi/lib/armv7e-m\libg_nano.a(lib_a-memmove.o)
 .debug_frame   0x00000c90       0x38 d:/iti/13-tourkey/arm_stm32f401/tools/arm gcc/bin/../lib/gcc/arm-none-eabi/5.4.1/../../../../arm-none-eabi/lib/armv7e-m\libg_nano.a(lib_a-nano-freer.o)
 .debug_frame   0x00000cc8       0x2c d:/iti/13-tourkey/arm_stm32f401/tools/arm gcc/bin/../lib/gcc/arm-none-eabi/5.4.1/../../../../arm-none-eabi/lib/armv7e-m\libg_nano.a(lib_a-nano-mallocr.o)
 .debug_frame   0x00000cf4       0x3c d:/iti/13-tourkey/arm_stm32f401/tools/arm gcc/bin/../lib/gcc/arm-none-eabi/5.4.1/../../../../arm-none-eabi/lib/armv7e-m\libg_nano.a(lib_a-nano-reallocr.o)
 .debug_frame   0x00000d30       0x2c d:/iti/13-tourkey/arm_stm32f401/tools/arm gcc/bin/../lib/gcc/arm-none-eabi/5.4.1/../../../../arm-none-eabi/lib/armv7e-m\libg_nano.a(lib_a-sbrkr.o)
 .debug_frame   0x00000d5c       0x30 d:/iti/13-tourkey/arm_stm32f401/tools/arm gcc/bin/../lib/gcc/arm-none-eabi/5.4.1/../../../../arm-none-eabi/lib/armv7e-m\libg_nano.a(lib_a-mlock.o)
 .debug_frame   0x00000d8c       0x20 d:/iti/13-tourkey/arm_stm32f401/tools/arm gcc/bin/../lib/gcc/arm-none-eabi/5.4.1/../../../../arm-none-eabi/lib/armv7e-m\libg_nano.a(lib_a-nano-msizer.o)

.debug_str      0x00000000    0x74efe
 *(.debug_str)
 .debug_str     0x00000000     0x6d68 ./system/src/newlib/_exit.o
                               0x6eda (size before relaxing)
 .debug_str     0x00006d68      0x4de ./system/src/newlib/_sbrk.o
                               0x62c5 (size before relaxing)
 .debug_str     0x00007246      0xc20 ./system/src/newlib/_startup.o
                               0x5ee0 (size before relaxing)
 .debug_str     0x00007e66      0xe18 ./system/src/newlib/_syscalls.o
                               0x7125 (size before relaxing)
 .debug_str     0x00008c7e      0x890 ./system/src/diag/Trace.o
                               0x76ca (size before relaxing)
 .debug_str     0x0000950e    0x67a24 ./system/src/diag/trace_impl.o
                              0x6f9e0 (size before relaxing)
 .debug_str     0x00070f32       0xbc ./system/src/cortexm/_initialize_hardware.o
                              0x6e7c1 (size before relaxing)
 .debug_str     0x00070fee      0x19d ./system/src/cortexm/exception_handlers.o
                              0x6fb6a (size before relaxing)
 .debug_str     0x0007118b       0xe2 ./system/src/cmsis/system_stm32f4xx.o
                              0x6e8b2 (size before relaxing)
 .debug_str     0x0007126d       0x59 ./system/src/cmsis/vectors_stm32f401xc.o
                               0x3097 (size before relaxing)
 .debug_str     0x000712c6     0x2a91 ./src/BLD_Manager.o
                               0xa0a1 (size before relaxing)
 .debug_str     0x00073d57      0x304 ./src/DMA.o
                               0x826d (size before relaxing)
 .debug_str     0x0007405b      0x109 ./src/Flash.o
                               0x7afd (size before relaxing)
 .debug_str     0x00074164      0x2e4 ./src/GPIO.o
                               0x7b44 (size before relaxing)
 .debug_str     0x00074448      0x1d3 ./src/NVIC.o
                               0x80c4 (size before relaxing)
 .debug_str     0x0007461b      0x5c8 ./src/RCC.o
                               0x8106 (size before relaxing)
 .debug_str     0x00074be3       0xdf ./src/SCB.o
                               0x76c2 (size before relaxing)
 .debug_str     0x00074cc2      0x212 ./src/Usart.o
                               0x84ae (size before relaxing)
 .debug_str     0x00074ed4       0x2a ./src/main.o
                               0x88fa (size before relaxing)

.debug_loc      0x00000000     0x26f3
 *(.debug_loc)
 .debug_loc     0x00000000       0x82 ./system/src/newlib/_sbrk.o
 .debug_loc     0x00000082      0x36e ./system/src/newlib/_startup.o
 .debug_loc     0x000003f0       0x63 ./system/src/newlib/_syscalls.o
 .debug_loc     0x00000453      0x102 ./system/src/diag/Trace.o
 .debug_loc     0x00000555      0x17c ./system/src/diag/trace_impl.o
 .debug_loc     0x000006d1      0x2a8 ./system/src/cortexm/exception_handlers.o
 .debug_loc     0x00000979      0x132 ./system/src/cmsis/system_stm32f4xx.o
 .debug_loc     0x00000aab      0x19b ./src/BLD_Manager.o
 .debug_loc     0x00000c46      0x1e7 ./src/DMA.o
 .debug_loc     0x00000e2d      0x407 ./src/Flash.o
 .debug_loc     0x00001234      0x410 ./src/GPIO.o
 .debug_loc     0x00001644      0x2a7 ./src/NVIC.o
 .debug_loc     0x000018eb      0x6cd ./src/RCC.o
 .debug_loc     0x00001fb8      0x6e6 ./src/Usart.o
 .debug_loc     0x0000269e       0x55 ./src/main.o

.debug_macinfo
 *(.debug_macinfo)

.debug_weaknames
 *(.debug_weaknames)

.debug_funcnames
 *(.debug_funcnames)

.debug_typenames
 *(.debug_typenames)

.debug_varnames
 *(.debug_varnames)
OUTPUT(Bootlooder.elf elf32-littlearm)

.debug_ranges   0x00000000      0x438
 .debug_ranges  0x00000000       0x18 ./system/src/newlib/_exit.o
 .debug_ranges  0x00000018       0x10 ./system/src/newlib/_sbrk.o
 .debug_ranges  0x00000028       0x30 ./system/src/newlib/_startup.o
 .debug_ranges  0x00000058       0x20 ./system/src/newlib/_syscalls.o
 .debug_ranges  0x00000078       0x28 ./system/src/diag/Trace.o
 .debug_ranges  0x000000a0       0x38 ./system/src/diag/trace_impl.o
 .debug_ranges  0x000000d8       0x18 ./system/src/cortexm/_initialize_hardware.o
 .debug_ranges  0x000000f0       0x98 ./system/src/cortexm/exception_handlers.o
 .debug_ranges  0x00000188       0x18 ./system/src/cmsis/system_stm32f4xx.o
 .debug_ranges  0x000001a0       0x10 ./system/src/cmsis/vectors_stm32f401xc.o
 .debug_ranges  0x000001b0       0x58 ./src/BLD_Manager.o
 .debug_ranges  0x00000208       0xa0 ./src/DMA.o
 .debug_ranges  0x000002a8       0x50 ./src/Flash.o
 .debug_ranges  0x000002f8       0x28 ./src/GPIO.o
 .debug_ranges  0x00000320       0x38 ./src/NVIC.o
 .debug_ranges  0x00000358       0x58 ./src/RCC.o
 .debug_ranges  0x000003b0       0x18 ./src/SCB.o
 .debug_ranges  0x000003c8       0x58 ./src/Usart.o
 .debug_ranges  0x00000420       0x18 ./src/main.o

.debug_macro    0x00000000    0x14212
 .debug_macro   0x00000000      0x19c ./system/src/newlib/_exit.o
 .debug_macro   0x0000019c      0x898 ./system/src/newlib/_exit.o
 .debug_macro   0x00000a34       0x9c ./system/src/newlib/_exit.o
 .debug_macro   0x00000ad0      0x10e ./system/src/newlib/_exit.o
 .debug_macro   0x00000bde       0x8d ./system/src/newlib/_exit.o
 .debug_macro   0x00000c6b       0x43 ./system/src/newlib/_exit.o
 .debug_macro   0x00000cae      0x30d ./system/src/newlib/_exit.o
 .debug_macro   0x00000fbb       0x35 ./system/src/newlib/_exit.o
 .debug_macro   0x00000ff0      0x151 ./system/src/newlib/_sbrk.o
 .debug_macro   0x00001141      0x174 ./system/src/newlib/_sbrk.o
 .debug_macro   0x000012b5       0x10 ./system/src/newlib/_sbrk.o
 .debug_macro   0x000012c5      0x23b ./system/src/newlib/_sbrk.o
 .debug_macro   0x00001500      0x15b ./system/src/newlib/_startup.o
 .debug_macro   0x0000165b      0x89e ./system/src/newlib/_startup.o
 .debug_macro   0x00001ef9      0x34e ./system/src/newlib/_startup.o
 .debug_macro   0x00002247      0x1ff ./system/src/newlib/_syscalls.o
 .debug_macro   0x00002446       0x1c ./system/src/newlib/_syscalls.o
 .debug_macro   0x00002462       0x10 ./system/src/newlib/_syscalls.o
 .debug_macro   0x00002472       0x10 ./system/src/newlib/_syscalls.o
 .debug_macro   0x00002482       0x10 ./system/src/newlib/_syscalls.o
 .debug_macro   0x00002492       0x35 ./system/src/newlib/_syscalls.o
 .debug_macro   0x000024c7      0x122 ./system/src/newlib/_syscalls.o
 .debug_macro   0x000025e9       0x88 ./system/src/newlib/_syscalls.o
 .debug_macro   0x00002671       0x2b ./system/src/newlib/_syscalls.o
 .debug_macro   0x0000269c      0x118 ./system/src/newlib/_syscalls.o
 .debug_macro   0x000027b4      0x159 ./system/src/newlib/_syscalls.o
 .debug_macro   0x0000290d       0x16 ./system/src/newlib/_syscalls.o
 .debug_macro   0x00002923      0x1d9 ./system/src/diag/Trace.o
 .debug_macro   0x00002afc       0x16 ./system/src/diag/Trace.o
 .debug_macro   0x00002b12       0x97 ./system/src/diag/Trace.o
 .debug_macro   0x00002ba9       0xfd ./system/src/diag/Trace.o
 .debug_macro   0x00002ca6       0x10 ./system/src/diag/Trace.o
 .debug_macro   0x00002cb6       0x16 ./system/src/diag/Trace.o
 .debug_macro   0x00002ccc      0x18b ./system/src/diag/Trace.o
 .debug_macro   0x00002e57       0x4c ./system/src/diag/Trace.o
 .debug_macro   0x00002ea3       0x16 ./system/src/diag/Trace.o
 .debug_macro   0x00002eb9      0x512 ./system/src/diag/trace_impl.o
 .debug_macro   0x000033cb       0x31 ./system/src/diag/trace_impl.o
 .debug_macro   0x000033fc       0x28 ./system/src/diag/trace_impl.o
 .debug_macro   0x00003424       0x35 ./system/src/diag/trace_impl.o
 .debug_macro   0x00003459       0x50 ./system/src/diag/trace_impl.o
 .debug_macro   0x000034a9      0xe66 ./system/src/diag/trace_impl.o
 .debug_macro   0x0000430f     0x5099 ./system/src/diag/trace_impl.o
 .debug_macro   0x000093a8       0x43 ./system/src/diag/trace_impl.o
 .debug_macro   0x000093eb      0x289 ./system/src/diag/trace_impl.o
 .debug_macro   0x00009674     0x347f ./system/src/diag/trace_impl.o
 .debug_macro   0x0000caf3       0x57 ./system/src/diag/trace_impl.o
 .debug_macro   0x0000cb4a      0x424 ./system/src/diag/trace_impl.o
 .debug_macro   0x0000cf6e      0x9e1 ./system/src/diag/trace_impl.o
 .debug_macro   0x0000d94f      0x11e ./system/src/diag/trace_impl.o
 .debug_macro   0x0000da6d       0xf8 ./system/src/diag/trace_impl.o
 .debug_macro   0x0000db65       0x27 ./system/src/diag/trace_impl.o
 .debug_macro   0x0000db8c      0x287 ./system/src/diag/trace_impl.o
 .debug_macro   0x0000de13       0x5f ./system/src/diag/trace_impl.o
 .debug_macro   0x0000de72      0x23a ./system/src/diag/trace_impl.o
 .debug_macro   0x0000e0ac      0x391 ./system/src/diag/trace_impl.o
 .debug_macro   0x0000e43d      0x16f ./system/src/diag/trace_impl.o
 .debug_macro   0x0000e5ac       0xf9 ./system/src/diag/trace_impl.o
 .debug_macro   0x0000e6a5       0x23 ./system/src/diag/trace_impl.o
 .debug_macro   0x0000e6c8      0x13a ./system/src/diag/trace_impl.o
 .debug_macro   0x0000e802      0x23a ./system/src/diag/trace_impl.o
 .debug_macro   0x0000ea3c       0x2e ./system/src/diag/trace_impl.o
 .debug_macro   0x0000ea6a      0x1a7 ./system/src/diag/trace_impl.o
 .debug_macro   0x0000ec11       0x22 ./system/src/diag/trace_impl.o
 .debug_macro   0x0000ec33       0xa5 ./system/src/diag/trace_impl.o
 .debug_macro   0x0000ecd8      0x18b ./system/src/diag/trace_impl.o
 .debug_macro   0x0000ee63       0x24 ./system/src/diag/trace_impl.o
 .debug_macro   0x0000ee87       0x35 ./system/src/diag/trace_impl.o
 .debug_macro   0x0000eebc       0x79 ./system/src/diag/trace_impl.o
 .debug_macro   0x0000ef35      0x11e ./system/src/diag/trace_impl.o
 .debug_macro   0x0000f053       0x85 ./system/src/diag/trace_impl.o
 .debug_macro   0x0000f0d8       0x89 ./system/src/diag/trace_impl.o
 .debug_macro   0x0000f161      0x31a ./system/src/diag/trace_impl.o
 .debug_macro   0x0000f47b      0x409 ./system/src/diag/trace_impl.o
 .debug_macro   0x0000f884       0xe4 ./system/src/diag/trace_impl.o
 .debug_macro   0x0000f968      0x48d ./system/src/diag/trace_impl.o
 .debug_macro   0x0000fdf5      0x22b ./system/src/diag/trace_impl.o
 .debug_macro   0x00010020      0x202 ./system/src/diag/trace_impl.o
 .debug_macro   0x00010222      0x6d9 ./system/src/diag/trace_impl.o
 .debug_macro   0x000108fb       0x5b ./system/src/diag/trace_impl.o
 .debug_macro   0x00010956      0x14d ./system/src/diag/trace_impl.o
 .debug_macro   0x00010aa3      0x287 ./system/src/diag/trace_impl.o
 .debug_macro   0x00010d2a      0x225 ./system/src/diag/trace_impl.o
 .debug_macro   0x00010f4f      0x1b5 ./system/src/diag/trace_impl.o
 .debug_macro   0x00011104      0x2db ./system/src/diag/trace_impl.o
 .debug_macro   0x000113df       0x89 ./system/src/diag/trace_impl.o
 .debug_macro   0x00011468      0x1df ./system/src/diag/trace_impl.o
 .debug_macro   0x00011647      0x115 ./system/src/diag/trace_impl.o
 .debug_macro   0x0001175c       0x6e ./system/src/diag/trace_impl.o
 .debug_macro   0x000117ca      0x11e ./system/src/diag/trace_impl.o
 .debug_macro   0x000118e8       0x22 ./system/src/diag/trace_impl.o
 .debug_macro   0x0001190a      0x4d6 ./system/src/cortexm/_initialize_hardware.o
 .debug_macro   0x00011de0      0x535 ./system/src/cortexm/exception_handlers.o
 .debug_macro   0x00012315       0x3b ./system/src/cortexm/exception_handlers.o
 .debug_macro   0x00012350      0x4d2 ./system/src/cmsis/system_stm32f4xx.o
 .debug_macro   0x00012822       0x34 ./system/src/cmsis/vectors_stm32f401xc.o
 .debug_macro   0x00012856      0x22c ./src/BLD_Manager.o
 .debug_macro   0x00012a82      0x106 ./src/BLD_Manager.o
 .debug_macro   0x00012b88      0x234 ./src/BLD_Manager.o
 .debug_macro   0x00012dbc       0x64 ./src/BLD_Manager.o
 .debug_macro   0x00012e20      0x193 ./src/BLD_Manager.o
 .debug_macro   0x00012fb3       0xc4 ./src/BLD_Manager.o
 .debug_macro   0x00013077       0x16 ./src/BLD_Manager.o
 .debug_macro   0x0001308d       0xb2 ./src/BLD_Manager.o
 .debug_macro   0x0001313f      0x1e6 ./src/DMA.o
 .debug_macro   0x00013325      0x1f2 ./src/Flash.o
 .debug_macro   0x00013517      0x217 ./src/GPIO.o
 .debug_macro   0x0001372e      0x202 ./src/NVIC.o
 .debug_macro   0x00013930      0x22e ./src/RCC.o
 .debug_macro   0x00013b5e      0x205 ./src/SCB.o
 .debug_macro   0x00013d63      0x1c4 ./src/Usart.o
 .debug_macro   0x00013f27       0xca ./src/Usart.o
 .debug_macro   0x00013ff1       0x16 ./src/Usart.o
 .debug_macro   0x00014007      0x20b ./src/main.o
